{"timestamp":"2026-09-21T10:39:37.320153Z","level":"info","event":"Filling up the DagBag from /opt/airflow/dags/conditional_dag.py","logger":"airflow.dag_processing.dagbag.BundleDagBag","filename":"dagbag.py","lineno":460}
{"timestamp":"2026-09-21T10:39:37.368245Z","level":"error","event":"Failed to import: /opt/airflow/dags/conditional_dag.py","logger":"airflow.dag_processing.importers.python_importer","filename":"python_importer.py","lineno":244,"error_detail":[{"exc_type":"IndentationError","exc_value":"expected an indented block after function definition on line 27 (conditional_dag.py, line 28)","exc_notes":[],"syntax_error":{"offset":5,"filename":"/opt/airflow/dags/conditional_dag.py","line":"    print(\"task5\")\n","lineno":28,"msg":"expected an indented block after function definition on line 27"},"is_cause":false,"frames":[{"filename":"/home/airflow/.local/lib/python3.13/site-packages/airflow/dag_processing/importers/python_importer.py","lineno":238,"name":"parse"},{"filename":"<frozen importlib._bootstrap_external>","lineno":1019,"name":"exec_module"},{"filename":"<frozen importlib._bootstrap_external>","lineno":1157,"name":"get_code"},{"filename":"<frozen importlib._bootstrap_external>","lineno":1087,"name":"source_to_code"},{"filename":"<frozen importlib._bootstrap>","lineno":488,"name":"_call_with_frames_removed"}],"is_group":false,"exceptions":[]}]}
{"timestamp":"2026-09-21T10:39:37.373614Z","level":"error","event":"Error loading DAG from conditional_dag.py: expected an indented block after function definition on line 27 (conditional_dag.py, line 28)","logger":"airflow.dag_processing.dagbag.BundleDagBag","filename":"dagbag.py","lineno":319}
{"timestamp":"2026-09-21T10:40:07.978590Z","level":"info","event":"Filling up the DagBag from /opt/airflow/dags/conditional_dag.py","logger":"airflow.dag_processing.dagbag.BundleDagBag","filename":"dagbag.py","lineno":460}
{"timestamp":"2026-09-21T10:40:08.027709Z","level":"error","event":"Failed to import: /opt/airflow/dags/conditional_dag.py","logger":"airflow.dag_processing.importers.python_importer","filename":"python_importer.py","lineno":244,"error_detail":[{"exc_type":"IndentationError","exc_value":"expected an indented block after function definition on line 27 (conditional_dag.py, line 28)","exc_notes":[],"syntax_error":{"offset":5,"filename":"/opt/airflow/dags/conditional_dag.py","line":"    print(\"task5\")\n","lineno":28,"msg":"expected an indented block after function definition on line 27"},"is_cause":false,"frames":[{"filename":"/home/airflow/.local/lib/python3.13/site-packages/airflow/dag_processing/importers/python_importer.py","lineno":238,"name":"parse"},{"filename":"<frozen importlib._bootstrap_external>","lineno":1019,"name":"exec_module"},{"filename":"<frozen importlib._bootstrap_external>","lineno":1157,"name":"get_code"},{"filename":"<frozen importlib._bootstrap_external>","lineno":1087,"name":"source_to_code"},{"filename":"<frozen importlib._bootstrap>","lineno":488,"name":"_call_with_frames_removed"}],"is_group":false,"exceptions":[]}]}
{"timestamp":"2026-09-21T10:40:08.031094Z","level":"error","event":"Error loading DAG from conditional_dag.py: expected an indented block after function definition on line 27 (conditional_dag.py, line 28)","logger":"airflow.dag_processing.dagbag.BundleDagBag","filename":"dagbag.py","lineno":319}
{"timestamp":"2026-09-21T10:40:30.298936Z","level":"info","event":"Filling up the DagBag from /opt/airflow/dags/conditional_dag.py","logger":"airflow.dag_processing.dagbag.BundleDagBag","filename":"dagbag.py","lineno":460}
{"timestamp":"2026-09-21T10:40:30.336920Z","level":"error","event":"Failed to import: /opt/airflow/dags/conditional_dag.py","logger":"airflow.dag_processing.importers.python_importer","filename":"python_importer.py","lineno":244,"error_detail":[{"exc_type":"IndentationError","exc_value":"expected an indented block after function definition on line 27 (conditional_dag.py, line 28)","exc_notes":[],"syntax_error":{"offset":5,"filename":"/opt/airflow/dags/conditional_dag.py","line":"    print(\"task5\")\n","lineno":28,"msg":"expected an indented block after function definition on line 27"},"is_cause":false,"frames":[{"filename":"/home/airflow/.local/lib/python3.13/site-packages/airflow/dag_processing/importers/python_importer.py","lineno":238,"name":"parse"},{"filename":"<frozen importlib._bootstrap_external>","lineno":1019,"name":"exec_module"},{"filename":"<frozen importlib._bootstrap_external>","lineno":1157,"name":"get_code"},{"filename":"<frozen importlib._bootstrap_external>","lineno":1087,"name":"source_to_code"},{"filename":"<frozen importlib._bootstrap>","lineno":488,"name":"_call_with_frames_removed"}],"is_group":false,"exceptions":[]}]}
{"timestamp":"2026-09-21T10:40:30.338536Z","level":"error","event":"Error loading DAG from conditional_dag.py: expected an indented block after function definition on line 27 (conditional_dag.py, line 28)","logger":"airflow.dag_processing.dagbag.BundleDagBag","filename":"dagbag.py","lineno":319}
{"timestamp":"2026-09-21T10:41:00.747964Z","level":"info","event":"Filling up the DagBag from /opt/airflow/dags/conditional_dag.py","logger":"airflow.dag_processing.dagbag.BundleDagBag","filename":"dagbag.py","lineno":460}
{"timestamp":"2026-09-21T10:41:00.847406Z","level":"error","event":"Failed to import: /opt/airflow/dags/conditional_dag.py","logger":"airflow.dag_processing.importers.python_importer","filename":"python_importer.py","lineno":244,"error_detail":[{"exc_type":"IndentationError","exc_value":"expected an indented block after function definition on line 27 (conditional_dag.py, line 28)","exc_notes":[],"syntax_error":{"offset":5,"filename":"/opt/airflow/dags/conditional_dag.py","line":"    print(\"task5\")\n","lineno":28,"msg":"expected an indented block after function definition on line 27"},"is_cause":false,"frames":[{"filename":"/home/airflow/.local/lib/python3.13/site-packages/airflow/dag_processing/importers/python_importer.py","lineno":238,"name":"parse"},{"filename":"<frozen importlib._bootstrap_external>","lineno":1019,"name":"exec_module"},{"filename":"<frozen importlib._bootstrap_external>","lineno":1157,"name":"get_code"},{"filename":"<frozen importlib._bootstrap_external>","lineno":1087,"name":"source_to_code"},{"filename":"<frozen importlib._bootstrap>","lineno":488,"name":"_call_with_frames_removed"}],"is_group":false,"exceptions":[]}]}
{"timestamp":"2026-09-21T10:41:00.851895Z","level":"error","event":"Error loading DAG from conditional_dag.py: expected an indented block after function definition on line 27 (conditional_dag.py, line 28)","logger":"airflow.dag_processing.dagbag.BundleDagBag","filename":"dagbag.py","lineno":319}
{"timestamp":"2026-09-21T10:41:31.413352Z","level":"info","event":"Filling up the DagBag from /opt/airflow/dags/conditional_dag.py","logger":"airflow.dag_processing.dagbag.BundleDagBag","filename":"dagbag.py","lineno":460}
{"timestamp":"2026-09-21T10:41:31.480455Z","level":"error","event":"Failed to import: /opt/airflow/dags/conditional_dag.py","logger":"airflow.dag_processing.importers.python_importer","filename":"python_importer.py","lineno":244,"error_detail":[{"exc_type":"IndentationError","exc_value":"expected an indented block after function definition on line 27 (conditional_dag.py, line 28)","exc_notes":[],"syntax_error":{"offset":5,"filename":"/opt/airflow/dags/conditional_dag.py","line":"    print(\"task5\")\n","lineno":28,"msg":"expected an indented block after function definition on line 27"},"is_cause":false,"frames":[{"filename":"/home/airflow/.local/lib/python3.13/site-packages/airflow/dag_processing/importers/python_importer.py","lineno":238,"name":"parse"},{"filename":"<frozen importlib._bootstrap_external>","lineno":1019,"name":"exec_module"},{"filename":"<frozen importlib._bootstrap_external>","lineno":1157,"name":"get_code"},{"filename":"<frozen importlib._bootstrap_external>","lineno":1087,"name":"source_to_code"},{"filename":"<frozen importlib._bootstrap>","lineno":488,"name":"_call_with_frames_removed"}],"is_group":false,"exceptions":[]}]}
{"timestamp":"2026-09-21T10:41:31.485533Z","level":"error","event":"Error loading DAG from conditional_dag.py: expected an indented block after function definition on line 27 (conditional_dag.py, line 28)","logger":"airflow.dag_processing.dagbag.BundleDagBag","filename":"dagbag.py","lineno":319}
{"timestamp":"2026-09-21T10:42:02.186528Z","level":"info","event":"Filling up the DagBag from /opt/airflow/dags/conditional_dag.py","logger":"airflow.dag_processing.dagbag.BundleDagBag","filename":"dagbag.py","lineno":460}
{"timestamp":"2026-09-21T10:42:02.246044Z","level":"error","event":"Failed to import: /opt/airflow/dags/conditional_dag.py","logger":"airflow.dag_processing.importers.python_importer","filename":"python_importer.py","lineno":244,"error_detail":[{"exc_type":"IndentationError","exc_value":"expected an indented block after function definition on line 27 (conditional_dag.py, line 28)","exc_notes":[],"syntax_error":{"offset":5,"filename":"/opt/airflow/dags/conditional_dag.py","line":"    print(\"task5\")\n","lineno":28,"msg":"expected an indented block after function definition on line 27"},"is_cause":false,"frames":[{"filename":"/home/airflow/.local/lib/python3.13/site-packages/airflow/dag_processing/importers/python_importer.py","lineno":238,"name":"parse"},{"filename":"<frozen importlib._bootstrap_external>","lineno":1019,"name":"exec_module"},{"filename":"<frozen importlib._bootstrap_external>","lineno":1157,"name":"get_code"},{"filename":"<frozen importlib._bootstrap_external>","lineno":1087,"name":"source_to_code"},{"filename":"<frozen importlib._bootstrap>","lineno":488,"name":"_call_with_frames_removed"}],"is_group":false,"exceptions":[]}]}
{"timestamp":"2026-09-21T10:42:02.248840Z","level":"error","event":"Error loading DAG from conditional_dag.py: expected an indented block after function definition on line 27 (conditional_dag.py, line 28)","logger":"airflow.dag_processing.dagbag.BundleDagBag","filename":"dagbag.py","lineno":319}
{"timestamp":"2026-09-21T10:42:10.381092Z","level":"info","event":"Filling up the DagBag from /opt/airflow/dags/conditional_dag.py","logger":"airflow.dag_processing.dagbag.BundleDagBag","filename":"dagbag.py","lineno":460}
{"timestamp":"2026-09-21T10:42:10.439118Z","level":"error","event":"Failed to import: /opt/airflow/dags/conditional_dag.py","logger":"airflow.dag_processing.importers.python_importer","filename":"python_importer.py","lineno":244,"error_detail":[{"exc_type":"SyntaxError","exc_value":"cannot assign to literal here. Maybe you meant '==' instead of '='? (conditional_dag.py, line 37)","exc_notes":[],"syntax_error":{"offset":12,"filename":"/opt/airflow/dags/conditional_dag.py","line":"        if 5 = True :\n","lineno":37,"msg":"cannot assign to literal here. Maybe you meant '==' instead of '='?"},"is_cause":false,"frames":[{"filename":"/home/airflow/.local/lib/python3.13/site-packages/airflow/dag_processing/importers/python_importer.py","lineno":238,"name":"parse"},{"filename":"<frozen importlib._bootstrap_external>","lineno":1019,"name":"exec_module"},{"filename":"<frozen importlib._bootstrap_external>","lineno":1157,"name":"get_code"},{"filename":"<frozen importlib._bootstrap_external>","lineno":1087,"name":"source_to_code"},{"filename":"<frozen importlib._bootstrap>","lineno":488,"name":"_call_with_frames_removed"}],"is_group":false,"exceptions":[]}]}
{"timestamp":"2026-09-21T10:42:10.445472Z","level":"error","event":"Error loading DAG from conditional_dag.py: cannot assign to literal here. Maybe you meant '==' instead of '='? (conditional_dag.py, line 37)","logger":"airflow.dag_processing.dagbag.BundleDagBag","filename":"dagbag.py","lineno":319}
{"timestamp":"2026-09-21T10:42:40.756505Z","level":"info","event":"Filling up the DagBag from /opt/airflow/dags/conditional_dag.py","logger":"airflow.dag_processing.dagbag.BundleDagBag","filename":"dagbag.py","lineno":460}
{"timestamp":"2026-09-21T10:42:40.865115Z","level":"error","event":"Failed to import: /opt/airflow/dags/conditional_dag.py","logger":"airflow.dag_processing.importers.python_importer","filename":"python_importer.py","lineno":244,"error_detail":[{"exc_type":"SyntaxError","exc_value":"cannot assign to literal here. Maybe you meant '==' instead of '='? (conditional_dag.py, line 37)","exc_notes":[],"syntax_error":{"offset":12,"filename":"/opt/airflow/dags/conditional_dag.py","line":"        if 5 = True :\n","lineno":37,"msg":"cannot assign to literal here. Maybe you meant '==' instead of '='?"},"is_cause":false,"frames":[{"filename":"/home/airflow/.local/lib/python3.13/site-packages/airflow/dag_processing/importers/python_importer.py","lineno":238,"name":"parse"},{"filename":"<frozen importlib._bootstrap_external>","lineno":1019,"name":"exec_module"},{"filename":"<frozen importlib._bootstrap_external>","lineno":1157,"name":"get_code"},{"filename":"<frozen importlib._bootstrap_external>","lineno":1087,"name":"source_to_code"},{"filename":"<frozen importlib._bootstrap>","lineno":488,"name":"_call_with_frames_removed"}],"is_group":false,"exceptions":[]}]}
{"timestamp":"2026-09-21T10:42:40.871028Z","level":"error","event":"Error loading DAG from conditional_dag.py: cannot assign to literal here. Maybe you meant '==' instead of '='? (conditional_dag.py, line 37)","logger":"airflow.dag_processing.dagbag.BundleDagBag","filename":"dagbag.py","lineno":319}
{"timestamp":"2026-09-21T10:43:03.188901Z","level":"info","event":"Filling up the DagBag from /opt/airflow/dags/conditional_dag.py","logger":"airflow.dag_processing.dagbag.BundleDagBag","filename":"dagbag.py","lineno":460}
{"timestamp":"2026-09-21T10:43:33.868908Z","level":"info","event":"Filling up the DagBag from /opt/airflow/dags/conditional_dag.py","logger":"airflow.dag_processing.dagbag.BundleDagBag","filename":"dagbag.py","lineno":460}
{"timestamp":"2026-09-21T10:44:04.241814Z","level":"info","event":"Filling up the DagBag from /opt/airflow/dags/conditional_dag.py","logger":"airflow.dag_processing.dagbag.BundleDagBag","filename":"dagbag.py","lineno":460}
{"timestamp":"2026-09-21T10:44:34.475564Z","level":"info","event":"Filling up the DagBag from /opt/airflow/dags/conditional_dag.py","logger":"airflow.dag_processing.dagbag.BundleDagBag","filename":"dagbag.py","lineno":460}
{"timestamp":"2026-09-21T10:45:05.000635Z","level":"info","event":"Filling up the DagBag from /opt/airflow/dags/conditional_dag.py","logger":"airflow.dag_processing.dagbag.BundleDagBag","filename":"dagbag.py","lineno":460}
{"timestamp":"2026-09-21T10:45:35.285044Z","level":"info","event":"Filling up the DagBag from /opt/airflow/dags/conditional_dag.py","logger":"airflow.dag_processing.dagbag.BundleDagBag","filename":"dagbag.py","lineno":460}
{"timestamp":"2026-09-21T10:46:05.558461Z","level":"info","event":"Filling up the DagBag from /opt/airflow/dags/conditional_dag.py","logger":"airflow.dag_processing.dagbag.BundleDagBag","filename":"dagbag.py","lineno":460}
{"timestamp":"2026-09-21T10:46:36.323506Z","level":"info","event":"Filling up the DagBag from /opt/airflow/dags/conditional_dag.py","logger":"airflow.dag_processing.dagbag.BundleDagBag","filename":"dagbag.py","lineno":460}
{"timestamp":"2026-09-21T10:46:58.456680Z","level":"info","event":"Filling up the DagBag from /opt/airflow/dags/conditional_dag.py","logger":"airflow.dag_processing.dagbag.BundleDagBag","filename":"dagbag.py","lineno":460}
{"timestamp":"2026-09-21T10:47:29.285554Z","level":"info","event":"Filling up the DagBag from /opt/airflow/dags/conditional_dag.py","logger":"airflow.dag_processing.dagbag.BundleDagBag","filename":"dagbag.py","lineno":460}
{"timestamp":"2026-09-21T10:47:59.567247Z","level":"info","event":"Filling up the DagBag from /opt/airflow/dags/conditional_dag.py","logger":"airflow.dag_processing.dagbag.BundleDagBag","filename":"dagbag.py","lineno":460}
{"timestamp":"2026-09-21T10:48:30.200782Z","level":"info","event":"Filling up the DagBag from /opt/airflow/dags/conditional_dag.py","logger":"airflow.dag_processing.dagbag.BundleDagBag","filename":"dagbag.py","lineno":460}
{"timestamp":"2026-09-21T10:49:00.667901Z","level":"info","event":"Filling up the DagBag from /opt/airflow/dags/conditional_dag.py","logger":"airflow.dag_processing.dagbag.BundleDagBag","filename":"dagbag.py","lineno":460}
{"timestamp":"2026-09-21T10:49:31.109770Z","level":"info","event":"Filling up the DagBag from /opt/airflow/dags/conditional_dag.py","logger":"airflow.dag_processing.dagbag.BundleDagBag","filename":"dagbag.py","lineno":460}
{"timestamp":"2026-09-21T10:50:01.453865Z","level":"info","event":"Filling up the DagBag from /opt/airflow/dags/conditional_dag.py","logger":"airflow.dag_processing.dagbag.BundleDagBag","filename":"dagbag.py","lineno":460}
{"timestamp":"2026-09-21T10:50:31.811204Z","level":"info","event":"Filling up the DagBag from /opt/airflow/dags/conditional_dag.py","logger":"airflow.dag_processing.dagbag.BundleDagBag","filename":"dagbag.py","lineno":460}
{"timestamp":"2026-09-21T10:51:02.646503Z","level":"info","event":"Filling up the DagBag from /opt/airflow/dags/conditional_dag.py","logger":"airflow.dag_processing.dagbag.BundleDagBag","filename":"dagbag.py","lineno":460}
{"timestamp":"2026-09-21T10:51:33.429924Z","level":"info","event":"Filling up the DagBag from /opt/airflow/dags/conditional_dag.py","logger":"airflow.dag_processing.dagbag.BundleDagBag","filename":"dagbag.py","lineno":460}
{"timestamp":"2026-09-21T10:52:03.837748Z","level":"info","event":"Filling up the DagBag from /opt/airflow/dags/conditional_dag.py","logger":"airflow.dag_processing.dagbag.BundleDagBag","filename":"dagbag.py","lineno":460}
{"timestamp":"2026-09-21T10:52:34.534502Z","level":"info","event":"Filling up the DagBag from /opt/airflow/dags/conditional_dag.py","logger":"airflow.dag_processing.dagbag.BundleDagBag","filename":"dagbag.py","lineno":460}
{"timestamp":"2026-09-21T10:53:05.099175Z","level":"info","event":"Filling up the DagBag from /opt/airflow/dags/conditional_dag.py","logger":"airflow.dag_processing.dagbag.BundleDagBag","filename":"dagbag.py","lineno":460}
{"timestamp":"2026-09-21T11:49:05.550015Z","level":"info","event":"Filling up the DagBag from /opt/airflow/dags/conditional_dag.py","logger":"airflow.dag_processing.dagbag.BundleDagBag","filename":"dagbag.py","lineno":460}
{"timestamp":"2026-09-21T11:49:37.039415Z","level":"info","event":"Filling up the DagBag from /opt/airflow/dags/conditional_dag.py","logger":"airflow.dag_processing.dagbag.BundleDagBag","filename":"dagbag.py","lineno":460}
{"timestamp":"2026-09-21T11:50:08.054598Z","level":"info","event":"Filling up the DagBag from /opt/airflow/dags/conditional_dag.py","logger":"airflow.dag_processing.dagbag.BundleDagBag","filename":"dagbag.py","lineno":460}
{"timestamp":"2026-09-21T11:50:38.646296Z","level":"info","event":"Filling up the DagBag from /opt/airflow/dags/conditional_dag.py","logger":"airflow.dag_processing.dagbag.BundleDagBag","filename":"dagbag.py","lineno":460}
{"timestamp":"2026-09-21T11:51:08.994605Z","level":"info","event":"Filling up the DagBag from /opt/airflow/dags/conditional_dag.py","logger":"airflow.dag_processing.dagbag.BundleDagBag","filename":"dagbag.py","lineno":460}
{"timestamp":"2026-09-21T11:51:39.876318Z","level":"info","event":"Filling up the DagBag from /opt/airflow/dags/conditional_dag.py","logger":"airflow.dag_processing.dagbag.BundleDagBag","filename":"dagbag.py","lineno":460}
{"timestamp":"2026-09-21T11:52:10.644060Z","level":"info","event":"Filling up the DagBag from /opt/airflow/dags/conditional_dag.py","logger":"airflow.dag_processing.dagbag.BundleDagBag","filename":"dagbag.py","lineno":460}
{"timestamp":"2026-09-21T11:52:41.100568Z","level":"info","event":"Filling up the DagBag from /opt/airflow/dags/conditional_dag.py","logger":"airflow.dag_processing.dagbag.BundleDagBag","filename":"dagbag.py","lineno":460}
{"timestamp":"2026-09-21T11:53:11.517901Z","level":"info","event":"Filling up the DagBag from /opt/airflow/dags/conditional_dag.py","logger":"airflow.dag_processing.dagbag.BundleDagBag","filename":"dagbag.py","lineno":460}
{"timestamp":"2026-09-21T11:53:41.895974Z","level":"info","event":"Filling up the DagBag from /opt/airflow/dags/conditional_dag.py","logger":"airflow.dag_processing.dagbag.BundleDagBag","filename":"dagbag.py","lineno":460}
{"timestamp":"2026-09-21T11:54:12.253051Z","level":"info","event":"Filling up the DagBag from /opt/airflow/dags/conditional_dag.py","logger":"airflow.dag_processing.dagbag.BundleDagBag","filename":"dagbag.py","lineno":460}
{"timestamp":"2026-09-21T11:54:42.926435Z","level":"info","event":"Filling up the DagBag from /opt/airflow/dags/conditional_dag.py","logger":"airflow.dag_processing.dagbag.BundleDagBag","filename":"dagbag.py","lineno":460}
{"timestamp":"2026-09-21T11:55:13.382775Z","level":"info","event":"Filling up the DagBag from /opt/airflow/dags/conditional_dag.py","logger":"airflow.dag_processing.dagbag.BundleDagBag","filename":"dagbag.py","lineno":460}
{"timestamp":"2026-09-21T11:55:43.650200Z","level":"info","event":"Filling up the DagBag from /opt/airflow/dags/conditional_dag.py","logger":"airflow.dag_processing.dagbag.BundleDagBag","filename":"dagbag.py","lineno":460}
{"timestamp":"2026-09-21T11:56:14.449016Z","level":"info","event":"Filling up the DagBag from /opt/airflow/dags/conditional_dag.py","logger":"airflow.dag_processing.dagbag.BundleDagBag","filename":"dagbag.py","lineno":460}
{"timestamp":"2026-09-21T11:56:45.310123Z","level":"info","event":"Filling up the DagBag from /opt/airflow/dags/conditional_dag.py","logger":"airflow.dag_processing.dagbag.BundleDagBag","filename":"dagbag.py","lineno":460}
{"timestamp":"2026-09-21T11:57:16.120644Z","level":"info","event":"Filling up the DagBag from /opt/airflow/dags/conditional_dag.py","logger":"airflow.dag_processing.dagbag.BundleDagBag","filename":"dagbag.py","lineno":460}
{"timestamp":"2026-09-21T11:57:46.685717Z","level":"info","event":"Filling up the DagBag from /opt/airflow/dags/conditional_dag.py","logger":"airflow.dag_processing.dagbag.BundleDagBag","filename":"dagbag.py","lineno":460}
{"timestamp":"2026-09-21T11:58:17.797610Z","level":"info","event":"Filling up the DagBag from /opt/airflow/dags/conditional_dag.py","logger":"airflow.dag_processing.dagbag.BundleDagBag","filename":"dagbag.py","lineno":460}
{"timestamp":"2026-09-21T11:58:48.884974Z","level":"info","event":"Filling up the DagBag from /opt/airflow/dags/conditional_dag.py","logger":"airflow.dag_processing.dagbag.BundleDagBag","filename":"dagbag.py","lineno":460}
{"timestamp":"2026-09-21T11:59:19.718851Z","level":"info","event":"Filling up the DagBag from /opt/airflow/dags/conditional_dag.py","logger":"airflow.dag_processing.dagbag.BundleDagBag","filename":"dagbag.py","lineno":460}
{"timestamp":"2026-09-21T11:59:50.561565Z","level":"info","event":"Filling up the DagBag from /opt/airflow/dags/conditional_dag.py","logger":"airflow.dag_processing.dagbag.BundleDagBag","filename":"dagbag.py","lineno":460}
{"timestamp":"2026-09-21T12:00:21.216561Z","level":"info","event":"Filling up the DagBag from /opt/airflow/dags/conditional_dag.py","logger":"airflow.dag_processing.dagbag.BundleDagBag","filename":"dagbag.py","lineno":460}
{"timestamp":"2026-09-21T12:00:51.545669Z","level":"info","event":"Filling up the DagBag from /opt/airflow/dags/conditional_dag.py","logger":"airflow.dag_processing.dagbag.BundleDagBag","filename":"dagbag.py","lineno":460}
{"timestamp":"2026-09-21T12:01:22.125976Z","level":"info","event":"Filling up the DagBag from /opt/airflow/dags/conditional_dag.py","logger":"airflow.dag_processing.dagbag.BundleDagBag","filename":"dagbag.py","lineno":460}
{"timestamp":"2026-09-21T12:01:53.042801Z","level":"info","event":"Filling up the DagBag from /opt/airflow/dags/conditional_dag.py","logger":"airflow.dag_processing.dagbag.BundleDagBag","filename":"dagbag.py","lineno":460}
{"timestamp":"2026-09-21T12:02:23.868124Z","level":"info","event":"Filling up the DagBag from /opt/airflow/dags/conditional_dag.py","logger":"airflow.dag_processing.dagbag.BundleDagBag","filename":"dagbag.py","lineno":460}
{"timestamp":"2026-09-21T12:02:54.078394Z","level":"info","event":"Filling up the DagBag from /opt/airflow/dags/conditional_dag.py","logger":"airflow.dag_processing.dagbag.BundleDagBag","filename":"dagbag.py","lineno":460}
{"timestamp":"2026-09-21T12:03:24.602615Z","level":"info","event":"Filling up the DagBag from /opt/airflow/dags/conditional_dag.py","logger":"airflow.dag_processing.dagbag.BundleDagBag","filename":"dagbag.py","lineno":460}
{"timestamp":"2026-09-21T12:03:55.098915Z","level":"info","event":"Filling up the DagBag from /opt/airflow/dags/conditional_dag.py","logger":"airflow.dag_processing.dagbag.BundleDagBag","filename":"dagbag.py","lineno":460}
{"timestamp":"2026-09-21T12:04:25.820831Z","level":"info","event":"Filling up the DagBag from /opt/airflow/dags/conditional_dag.py","logger":"airflow.dag_processing.dagbag.BundleDagBag","filename":"dagbag.py","lineno":460}
{"timestamp":"2026-09-21T12:04:56.423794Z","level":"info","event":"Filling up the DagBag from /opt/airflow/dags/conditional_dag.py","logger":"airflow.dag_processing.dagbag.BundleDagBag","filename":"dagbag.py","lineno":460}
{"timestamp":"2026-09-21T12:05:26.958117Z","level":"info","event":"Filling up the DagBag from /opt/airflow/dags/conditional_dag.py","logger":"airflow.dag_processing.dagbag.BundleDagBag","filename":"dagbag.py","lineno":460}
{"timestamp":"2026-09-21T12:05:57.241610Z","level":"info","event":"Filling up the DagBag from /opt/airflow/dags/conditional_dag.py","logger":"airflow.dag_processing.dagbag.BundleDagBag","filename":"dagbag.py","lineno":460}
{"timestamp":"2026-09-21T12:06:28.173436Z","level":"info","event":"Filling up the DagBag from /opt/airflow/dags/conditional_dag.py","logger":"airflow.dag_processing.dagbag.BundleDagBag","filename":"dagbag.py","lineno":460}
{"timestamp":"2026-09-21T12:06:58.883438Z","level":"info","event":"Filling up the DagBag from /opt/airflow/dags/conditional_dag.py","logger":"airflow.dag_processing.dagbag.BundleDagBag","filename":"dagbag.py","lineno":460}
{"timestamp":"2026-09-21T12:07:29.909289Z","level":"info","event":"Filling up the DagBag from /opt/airflow/dags/conditional_dag.py","logger":"airflow.dag_processing.dagbag.BundleDagBag","filename":"dagbag.py","lineno":460}
{"timestamp":"2026-09-21T12:08:00.277292Z","level":"info","event":"Filling up the DagBag from /opt/airflow/dags/conditional_dag.py","logger":"airflow.dag_processing.dagbag.BundleDagBag","filename":"dagbag.py","lineno":460}
{"timestamp":"2026-09-21T12:08:30.849822Z","level":"info","event":"Filling up the DagBag from /opt/airflow/dags/conditional_dag.py","logger":"airflow.dag_processing.dagbag.BundleDagBag","filename":"dagbag.py","lineno":460}
{"timestamp":"2026-09-21T12:09:01.660426Z","level":"info","event":"Filling up the DagBag from /opt/airflow/dags/conditional_dag.py","logger":"airflow.dag_processing.dagbag.BundleDagBag","filename":"dagbag.py","lineno":460}
{"timestamp":"2026-09-21T12:09:32.400415Z","level":"info","event":"Filling up the DagBag from /opt/airflow/dags/conditional_dag.py","logger":"airflow.dag_processing.dagbag.BundleDagBag","filename":"dagbag.py","lineno":460}
{"timestamp":"2026-09-21T12:10:03.120888Z","level":"info","event":"Filling up the DagBag from /opt/airflow/dags/conditional_dag.py","logger":"airflow.dag_processing.dagbag.BundleDagBag","filename":"dagbag.py","lineno":460}
{"timestamp":"2026-09-21T12:10:34.038605Z","level":"info","event":"Filling up the DagBag from /opt/airflow/dags/conditional_dag.py","logger":"airflow.dag_processing.dagbag.BundleDagBag","filename":"dagbag.py","lineno":460}
{"timestamp":"2026-09-21T12:11:04.922589Z","level":"info","event":"Filling up the DagBag from /opt/airflow/dags/conditional_dag.py","logger":"airflow.dag_processing.dagbag.BundleDagBag","filename":"dagbag.py","lineno":460}
{"timestamp":"2026-09-21T12:11:35.959273Z","level":"info","event":"Filling up the DagBag from /opt/airflow/dags/conditional_dag.py","logger":"airflow.dag_processing.dagbag.BundleDagBag","filename":"dagbag.py","lineno":460}
{"timestamp":"2026-09-21T12:12:06.479959Z","level":"info","event":"Filling up the DagBag from /opt/airflow/dags/conditional_dag.py","logger":"airflow.dag_processing.dagbag.BundleDagBag","filename":"dagbag.py","lineno":460}
{"timestamp":"2026-09-21T12:12:37.255827Z","level":"info","event":"Filling up the DagBag from /opt/airflow/dags/conditional_dag.py","logger":"airflow.dag_processing.dagbag.BundleDagBag","filename":"dagbag.py","lineno":460}
{"timestamp":"2026-09-21T12:13:07.557629Z","level":"info","event":"Filling up the DagBag from /opt/airflow/dags/conditional_dag.py","logger":"airflow.dag_processing.dagbag.BundleDagBag","filename":"dagbag.py","lineno":460}
{"timestamp":"2026-09-21T12:13:38.395705Z","level":"info","event":"Filling up the DagBag from /opt/airflow/dags/conditional_dag.py","logger":"airflow.dag_processing.dagbag.BundleDagBag","filename":"dagbag.py","lineno":460}
{"timestamp":"2026-09-21T12:14:09.450379Z","level":"info","event":"Filling up the DagBag from /opt/airflow/dags/conditional_dag.py","logger":"airflow.dag_processing.dagbag.BundleDagBag","filename":"dagbag.py","lineno":460}
{"timestamp":"2026-09-21T12:14:40.443195Z","level":"info","event":"Filling up the DagBag from /opt/airflow/dags/conditional_dag.py","logger":"airflow.dag_processing.dagbag.BundleDagBag","filename":"dagbag.py","lineno":460}
{"timestamp":"2026-09-21T12:15:10.762095Z","level":"info","event":"Filling up the DagBag from /opt/airflow/dags/conditional_dag.py","logger":"airflow.dag_processing.dagbag.BundleDagBag","filename":"dagbag.py","lineno":460}
{"timestamp":"2026-09-21T12:15:41.235623Z","level":"info","event":"Filling up the DagBag from /opt/airflow/dags/conditional_dag.py","logger":"airflow.dag_processing.dagbag.BundleDagBag","filename":"dagbag.py","lineno":460}
{"timestamp":"2026-09-21T12:16:11.850652Z","level":"info","event":"Filling up the DagBag from /opt/airflow/dags/conditional_dag.py","logger":"airflow.dag_processing.dagbag.BundleDagBag","filename":"dagbag.py","lineno":460}
{"timestamp":"2026-09-21T12:16:42.661610Z","level":"info","event":"Filling up the DagBag from /opt/airflow/dags/conditional_dag.py","logger":"airflow.dag_processing.dagbag.BundleDagBag","filename":"dagbag.py","lineno":460}
{"timestamp":"2026-09-21T12:17:13.285480Z","level":"info","event":"Filling up the DagBag from /opt/airflow/dags/conditional_dag.py","logger":"airflow.dag_processing.dagbag.BundleDagBag","filename":"dagbag.py","lineno":460}
{"timestamp":"2026-09-21T12:17:43.742618Z","level":"info","event":"Filling up the DagBag from /opt/airflow/dags/conditional_dag.py","logger":"airflow.dag_processing.dagbag.BundleDagBag","filename":"dagbag.py","lineno":460}
{"timestamp":"2026-09-21T12:18:14.257929Z","level":"info","event":"Filling up the DagBag from /opt/airflow/dags/conditional_dag.py","logger":"airflow.dag_processing.dagbag.BundleDagBag","filename":"dagbag.py","lineno":460}
{"timestamp":"2026-09-21T12:18:44.996880Z","level":"info","event":"Filling up the DagBag from /opt/airflow/dags/conditional_dag.py","logger":"airflow.dag_processing.dagbag.BundleDagBag","filename":"dagbag.py","lineno":460}
{"timestamp":"2026-09-21T12:19:15.760248Z","level":"info","event":"Filling up the DagBag from /opt/airflow/dags/conditional_dag.py","logger":"airflow.dag_processing.dagbag.BundleDagBag","filename":"dagbag.py","lineno":460}
{"timestamp":"2026-09-21T12:19:46.311962Z","level":"info","event":"Filling up the DagBag from /opt/airflow/dags/conditional_dag.py","logger":"airflow.dag_processing.dagbag.BundleDagBag","filename":"dagbag.py","lineno":460}
{"timestamp":"2026-09-21T12:20:16.807359Z","level":"info","event":"Filling up the DagBag from /opt/airflow/dags/conditional_dag.py","logger":"airflow.dag_processing.dagbag.BundleDagBag","filename":"dagbag.py","lineno":460}
{"timestamp":"2026-09-21T16:02:46.164149Z","level":"info","event":"Filling up the DagBag from /opt/airflow/dags/conditional_dag.py","logger":"airflow.dag_processing.dagbag.BundleDagBag","filename":"dagbag.py","lineno":460}
{"timestamp":"2026-09-21T16:03:23.533194Z","level":"info","event":"Filling up the DagBag from /opt/airflow/dags/conditional_dag.py","logger":"airflow.dag_processing.dagbag.BundleDagBag","filename":"dagbag.py","lineno":460}
{"timestamp":"2026-09-21T16:03:54.162498Z","level":"info","event":"Filling up the DagBag from /opt/airflow/dags/conditional_dag.py","logger":"airflow.dag_processing.dagbag.BundleDagBag","filename":"dagbag.py","lineno":460}
{"timestamp":"2026-09-21T16:04:24.790256Z","level":"info","event":"Filling up the DagBag from /opt/airflow/dags/conditional_dag.py","logger":"airflow.dag_processing.dagbag.BundleDagBag","filename":"dagbag.py","lineno":460}
{"timestamp":"2026-09-21T16:04:55.699142Z","level":"info","event":"Filling up the DagBag from /opt/airflow/dags/conditional_dag.py","logger":"airflow.dag_processing.dagbag.BundleDagBag","filename":"dagbag.py","lineno":460}
{"timestamp":"2026-09-21T16:05:26.572269Z","level":"info","event":"Filling up the DagBag from /opt/airflow/dags/conditional_dag.py","logger":"airflow.dag_processing.dagbag.BundleDagBag","filename":"dagbag.py","lineno":460}
{"timestamp":"2026-09-21T16:05:57.036971Z","level":"info","event":"Filling up the DagBag from /opt/airflow/dags/conditional_dag.py","logger":"airflow.dag_processing.dagbag.BundleDagBag","filename":"dagbag.py","lineno":460}
{"timestamp":"2026-09-21T16:06:27.802886Z","level":"info","event":"Filling up the DagBag from /opt/airflow/dags/conditional_dag.py","logger":"airflow.dag_processing.dagbag.BundleDagBag","filename":"dagbag.py","lineno":460}
{"timestamp":"2026-09-21T16:06:58.616734Z","level":"info","event":"Filling up the DagBag from /opt/airflow/dags/conditional_dag.py","logger":"airflow.dag_processing.dagbag.BundleDagBag","filename":"dagbag.py","lineno":460}
{"timestamp":"2026-09-21T16:07:29.299283Z","level":"info","event":"Filling up the DagBag from /opt/airflow/dags/conditional_dag.py","logger":"airflow.dag_processing.dagbag.BundleDagBag","filename":"dagbag.py","lineno":460}
{"timestamp":"2026-09-21T16:07:59.765639Z","level":"info","event":"Filling up the DagBag from /opt/airflow/dags/conditional_dag.py","logger":"airflow.dag_processing.dagbag.BundleDagBag","filename":"dagbag.py","lineno":460}
{"timestamp":"2026-09-21T16:08:30.627340Z","level":"info","event":"Filling up the DagBag from /opt/airflow/dags/conditional_dag.py","logger":"airflow.dag_processing.dagbag.BundleDagBag","filename":"dagbag.py","lineno":460}
{"timestamp":"2026-09-21T16:09:01.345261Z","level":"info","event":"Filling up the DagBag from /opt/airflow/dags/conditional_dag.py","logger":"airflow.dag_processing.dagbag.BundleDagBag","filename":"dagbag.py","lineno":460}
{"timestamp":"2026-09-21T16:09:32.237771Z","level":"info","event":"Filling up the DagBag from /opt/airflow/dags/conditional_dag.py","logger":"airflow.dag_processing.dagbag.BundleDagBag","filename":"dagbag.py","lineno":460}
{"timestamp":"2026-09-21T16:10:03.450224Z","level":"info","event":"Filling up the DagBag from /opt/airflow/dags/conditional_dag.py","logger":"airflow.dag_processing.dagbag.BundleDagBag","filename":"dagbag.py","lineno":460}
{"timestamp":"2026-09-21T16:10:34.102738Z","level":"info","event":"Filling up the DagBag from /opt/airflow/dags/conditional_dag.py","logger":"airflow.dag_processing.dagbag.BundleDagBag","filename":"dagbag.py","lineno":460}
{"timestamp":"2026-09-21T16:11:04.594026Z","level":"info","event":"Filling up the DagBag from /opt/airflow/dags/conditional_dag.py","logger":"airflow.dag_processing.dagbag.BundleDagBag","filename":"dagbag.py","lineno":460}
{"timestamp":"2026-09-21T16:11:34.927380Z","level":"info","event":"Filling up the DagBag from /opt/airflow/dags/conditional_dag.py","logger":"airflow.dag_processing.dagbag.BundleDagBag","filename":"dagbag.py","lineno":460}
{"timestamp":"2026-09-21T16:12:05.390597Z","level":"info","event":"Filling up the DagBag from /opt/airflow/dags/conditional_dag.py","logger":"airflow.dag_processing.dagbag.BundleDagBag","filename":"dagbag.py","lineno":460}
{"timestamp":"2026-09-21T16:12:36.611620Z","level":"info","event":"Filling up the DagBag from /opt/airflow/dags/conditional_dag.py","logger":"airflow.dag_processing.dagbag.BundleDagBag","filename":"dagbag.py","lineno":460}
{"timestamp":"2026-09-21T16:13:07.445548Z","level":"info","event":"Filling up the DagBag from /opt/airflow/dags/conditional_dag.py","logger":"airflow.dag_processing.dagbag.BundleDagBag","filename":"dagbag.py","lineno":460}
{"timestamp":"2026-09-21T16:13:38.011605Z","level":"info","event":"Filling up the DagBag from /opt/airflow/dags/conditional_dag.py","logger":"airflow.dag_processing.dagbag.BundleDagBag","filename":"dagbag.py","lineno":460}
{"timestamp":"2026-09-21T16:14:08.950776Z","level":"info","event":"Filling up the DagBag from /opt/airflow/dags/conditional_dag.py","logger":"airflow.dag_processing.dagbag.BundleDagBag","filename":"dagbag.py","lineno":460}
{"timestamp":"2026-09-21T16:14:39.773191Z","level":"info","event":"Filling up the DagBag from /opt/airflow/dags/conditional_dag.py","logger":"airflow.dag_processing.dagbag.BundleDagBag","filename":"dagbag.py","lineno":460}
{"timestamp":"2026-09-21T16:15:10.770137Z","level":"info","event":"Filling up the DagBag from /opt/airflow/dags/conditional_dag.py","logger":"airflow.dag_processing.dagbag.BundleDagBag","filename":"dagbag.py","lineno":460}
{"timestamp":"2026-09-21T16:15:41.675211Z","level":"info","event":"Filling up the DagBag from /opt/airflow/dags/conditional_dag.py","logger":"airflow.dag_processing.dagbag.BundleDagBag","filename":"dagbag.py","lineno":460}
{"timestamp":"2026-09-21T16:16:12.063519Z","level":"info","event":"Filling up the DagBag from /opt/airflow/dags/conditional_dag.py","logger":"airflow.dag_processing.dagbag.BundleDagBag","filename":"dagbag.py","lineno":460}
{"timestamp":"2026-09-21T16:16:43.194633Z","level":"info","event":"Filling up the DagBag from /opt/airflow/dags/conditional_dag.py","logger":"airflow.dag_processing.dagbag.BundleDagBag","filename":"dagbag.py","lineno":460}
{"timestamp":"2026-09-21T16:17:14.595332Z","level":"info","event":"Filling up the DagBag from /opt/airflow/dags/conditional_dag.py","logger":"airflow.dag_processing.dagbag.BundleDagBag","filename":"dagbag.py","lineno":460}
{"timestamp":"2026-09-21T16:17:45.287917Z","level":"info","event":"Filling up the DagBag from /opt/airflow/dags/conditional_dag.py","logger":"airflow.dag_processing.dagbag.BundleDagBag","filename":"dagbag.py","lineno":460}
{"timestamp":"2026-09-21T16:18:15.829408Z","level":"info","event":"Filling up the DagBag from /opt/airflow/dags/conditional_dag.py","logger":"airflow.dag_processing.dagbag.BundleDagBag","filename":"dagbag.py","lineno":460}
{"timestamp":"2026-09-21T16:18:46.673320Z","level":"info","event":"Filling up the DagBag from /opt/airflow/dags/conditional_dag.py","logger":"airflow.dag_processing.dagbag.BundleDagBag","filename":"dagbag.py","lineno":460}
{"timestamp":"2026-09-21T16:19:17.146529Z","level":"info","event":"Filling up the DagBag from /opt/airflow/dags/conditional_dag.py","logger":"airflow.dag_processing.dagbag.BundleDagBag","filename":"dagbag.py","lineno":460}
{"timestamp":"2026-09-21T16:19:48.000661Z","level":"info","event":"Filling up the DagBag from /opt/airflow/dags/conditional_dag.py","logger":"airflow.dag_processing.dagbag.BundleDagBag","filename":"dagbag.py","lineno":460}
{"timestamp":"2026-09-21T16:20:18.608240Z","level":"info","event":"Filling up the DagBag from /opt/airflow/dags/conditional_dag.py","logger":"airflow.dag_processing.dagbag.BundleDagBag","filename":"dagbag.py","lineno":460}
{"timestamp":"2026-09-21T16:20:49.396583Z","level":"info","event":"Filling up the DagBag from /opt/airflow/dags/conditional_dag.py","logger":"airflow.dag_processing.dagbag.BundleDagBag","filename":"dagbag.py","lineno":460}
{"timestamp":"2026-09-21T16:21:19.795642Z","level":"info","event":"Filling up the DagBag from /opt/airflow/dags/conditional_dag.py","logger":"airflow.dag_processing.dagbag.BundleDagBag","filename":"dagbag.py","lineno":460}
{"timestamp":"2026-09-21T16:21:50.535694Z","level":"info","event":"Filling up the DagBag from /opt/airflow/dags/conditional_dag.py","logger":"airflow.dag_processing.dagbag.BundleDagBag","filename":"dagbag.py","lineno":460}
{"timestamp":"2026-09-21T16:22:20.925129Z","level":"info","event":"Filling up the DagBag from /opt/airflow/dags/conditional_dag.py","logger":"airflow.dag_processing.dagbag.BundleDagBag","filename":"dagbag.py","lineno":460}
{"timestamp":"2026-09-21T16:22:51.925208Z","level":"info","event":"Filling up the DagBag from /opt/airflow/dags/conditional_dag.py","logger":"airflow.dag_processing.dagbag.BundleDagBag","filename":"dagbag.py","lineno":460}
{"timestamp":"2026-09-21T16:23:22.368937Z","level":"info","event":"Filling up the DagBag from /opt/airflow/dags/conditional_dag.py","logger":"airflow.dag_processing.dagbag.BundleDagBag","filename":"dagbag.py","lineno":460}
{"timestamp":"2026-09-21T16:23:52.760654Z","level":"info","event":"Filling up the DagBag from /opt/airflow/dags/conditional_dag.py","logger":"airflow.dag_processing.dagbag.BundleDagBag","filename":"dagbag.py","lineno":460}
{"timestamp":"2026-09-21T16:24:23.391541Z","level":"info","event":"Filling up the DagBag from /opt/airflow/dags/conditional_dag.py","logger":"airflow.dag_processing.dagbag.BundleDagBag","filename":"dagbag.py","lineno":460}
{"timestamp":"2026-09-21T16:24:54.280573Z","level":"info","event":"Filling up the DagBag from /opt/airflow/dags/conditional_dag.py","logger":"airflow.dag_processing.dagbag.BundleDagBag","filename":"dagbag.py","lineno":460}
{"timestamp":"2026-09-21T16:25:24.795884Z","level":"info","event":"Filling up the DagBag from /opt/airflow/dags/conditional_dag.py","logger":"airflow.dag_processing.dagbag.BundleDagBag","filename":"dagbag.py","lineno":460}
{"timestamp":"2026-09-21T16:25:55.187231Z","level":"info","event":"Filling up the DagBag from /opt/airflow/dags/conditional_dag.py","logger":"airflow.dag_processing.dagbag.BundleDagBag","filename":"dagbag.py","lineno":460}
{"timestamp":"2026-09-21T16:26:25.472303Z","level":"info","event":"Filling up the DagBag from /opt/airflow/dags/conditional_dag.py","logger":"airflow.dag_processing.dagbag.BundleDagBag","filename":"dagbag.py","lineno":460}
{"timestamp":"2026-09-21T16:26:56.257503Z","level":"info","event":"Filling up the DagBag from /opt/airflow/dags/conditional_dag.py","logger":"airflow.dag_processing.dagbag.BundleDagBag","filename":"dagbag.py","lineno":460}
{"timestamp":"2026-09-21T16:27:26.610153Z","level":"info","event":"Filling up the DagBag from /opt/airflow/dags/conditional_dag.py","logger":"airflow.dag_processing.dagbag.BundleDagBag","filename":"dagbag.py","lineno":460}
{"timestamp":"2026-09-21T16:27:56.970781Z","level":"info","event":"Filling up the DagBag from /opt/airflow/dags/conditional_dag.py","logger":"airflow.dag_processing.dagbag.BundleDagBag","filename":"dagbag.py","lineno":460}
{"timestamp":"2026-09-21T16:28:27.320389Z","level":"info","event":"Filling up the DagBag from /opt/airflow/dags/conditional_dag.py","logger":"airflow.dag_processing.dagbag.BundleDagBag","filename":"dagbag.py","lineno":460}
{"timestamp":"2026-09-21T16:28:58.084083Z","level":"info","event":"Filling up the DagBag from /opt/airflow/dags/conditional_dag.py","logger":"airflow.dag_processing.dagbag.BundleDagBag","filename":"dagbag.py","lineno":460}
{"timestamp":"2026-09-21T16:29:28.914698Z","level":"info","event":"Filling up the DagBag from /opt/airflow/dags/conditional_dag.py","logger":"airflow.dag_processing.dagbag.BundleDagBag","filename":"dagbag.py","lineno":460}
{"timestamp":"2026-09-21T16:29:59.739410Z","level":"info","event":"Filling up the DagBag from /opt/airflow/dags/conditional_dag.py","logger":"airflow.dag_processing.dagbag.BundleDagBag","filename":"dagbag.py","lineno":460}
{"timestamp":"2026-09-21T16:30:30.544628Z","level":"info","event":"Filling up the DagBag from /opt/airflow/dags/conditional_dag.py","logger":"airflow.dag_processing.dagbag.BundleDagBag","filename":"dagbag.py","lineno":460}
{"timestamp":"2026-09-21T16:31:01.841289Z","level":"info","event":"Filling up the DagBag from /opt/airflow/dags/conditional_dag.py","logger":"airflow.dag_processing.dagbag.BundleDagBag","filename":"dagbag.py","lineno":460}
{"timestamp":"2026-09-21T16:31:32.626263Z","level":"info","event":"Filling up the DagBag from /opt/airflow/dags/conditional_dag.py","logger":"airflow.dag_processing.dagbag.BundleDagBag","filename":"dagbag.py","lineno":460}
{"timestamp":"2026-09-21T16:32:03.356297Z","level":"info","event":"Filling up the DagBag from /opt/airflow/dags/conditional_dag.py","logger":"airflow.dag_processing.dagbag.BundleDagBag","filename":"dagbag.py","lineno":460}
{"timestamp":"2026-09-21T16:32:33.806531Z","level":"info","event":"Filling up the DagBag from /opt/airflow/dags/conditional_dag.py","logger":"airflow.dag_processing.dagbag.BundleDagBag","filename":"dagbag.py","lineno":460}
{"timestamp":"2026-09-21T16:33:04.576459Z","level":"info","event":"Filling up the DagBag from /opt/airflow/dags/conditional_dag.py","logger":"airflow.dag_processing.dagbag.BundleDagBag","filename":"dagbag.py","lineno":460}
{"timestamp":"2026-09-21T16:33:34.945983Z","level":"info","event":"Filling up the DagBag from /opt/airflow/dags/conditional_dag.py","logger":"airflow.dag_processing.dagbag.BundleDagBag","filename":"dagbag.py","lineno":460}
{"timestamp":"2026-09-21T16:34:05.428061Z","level":"info","event":"Filling up the DagBag from /opt/airflow/dags/conditional_dag.py","logger":"airflow.dag_processing.dagbag.BundleDagBag","filename":"dagbag.py","lineno":460}
{"timestamp":"2026-09-21T16:34:36.548919Z","level":"info","event":"Filling up the DagBag from /opt/airflow/dags/conditional_dag.py","logger":"airflow.dag_processing.dagbag.BundleDagBag","filename":"dagbag.py","lineno":460}
{"timestamp":"2026-09-21T16:35:07.334131Z","level":"info","event":"Filling up the DagBag from /opt/airflow/dags/conditional_dag.py","logger":"airflow.dag_processing.dagbag.BundleDagBag","filename":"dagbag.py","lineno":460}
{"timestamp":"2026-09-21T16:35:38.266384Z","level":"info","event":"Filling up the DagBag from /opt/airflow/dags/conditional_dag.py","logger":"airflow.dag_processing.dagbag.BundleDagBag","filename":"dagbag.py","lineno":460}
{"timestamp":"2026-09-21T16:36:08.658530Z","level":"info","event":"Filling up the DagBag from /opt/airflow/dags/conditional_dag.py","logger":"airflow.dag_processing.dagbag.BundleDagBag","filename":"dagbag.py","lineno":460}
{"timestamp":"2026-09-21T16:36:39.622419Z","level":"info","event":"Filling up the DagBag from /opt/airflow/dags/conditional_dag.py","logger":"airflow.dag_processing.dagbag.BundleDagBag","filename":"dagbag.py","lineno":460}
{"timestamp":"2026-09-21T16:37:09.943534Z","level":"info","event":"Filling up the DagBag from /opt/airflow/dags/conditional_dag.py","logger":"airflow.dag_processing.dagbag.BundleDagBag","filename":"dagbag.py","lineno":460}
{"timestamp":"2026-09-21T16:37:40.202630Z","level":"info","event":"Filling up the DagBag from /opt/airflow/dags/conditional_dag.py","logger":"airflow.dag_processing.dagbag.BundleDagBag","filename":"dagbag.py","lineno":460}
{"timestamp":"2026-09-21T16:38:11.025551Z","level":"info","event":"Filling up the DagBag from /opt/airflow/dags/conditional_dag.py","logger":"airflow.dag_processing.dagbag.BundleDagBag","filename":"dagbag.py","lineno":460}
{"timestamp":"2026-09-21T16:38:41.753533Z","level":"info","event":"Filling up the DagBag from /opt/airflow/dags/conditional_dag.py","logger":"airflow.dag_processing.dagbag.BundleDagBag","filename":"dagbag.py","lineno":460}
{"timestamp":"2026-09-21T16:39:12.756644Z","level":"info","event":"Filling up the DagBag from /opt/airflow/dags/conditional_dag.py","logger":"airflow.dag_processing.dagbag.BundleDagBag","filename":"dagbag.py","lineno":460}
{"timestamp":"2026-09-21T16:39:43.734643Z","level":"info","event":"Filling up the DagBag from /opt/airflow/dags/conditional_dag.py","logger":"airflow.dag_processing.dagbag.BundleDagBag","filename":"dagbag.py","lineno":460}
{"timestamp":"2026-09-21T16:40:14.691425Z","level":"info","event":"Filling up the DagBag from /opt/airflow/dags/conditional_dag.py","logger":"airflow.dag_processing.dagbag.BundleDagBag","filename":"dagbag.py","lineno":460}
{"timestamp":"2026-09-21T16:40:45.497584Z","level":"info","event":"Filling up the DagBag from /opt/airflow/dags/conditional_dag.py","logger":"airflow.dag_processing.dagbag.BundleDagBag","filename":"dagbag.py","lineno":460}
{"timestamp":"2026-09-21T16:41:16.203888Z","level":"info","event":"Filling up the DagBag from /opt/airflow/dags/conditional_dag.py","logger":"airflow.dag_processing.dagbag.BundleDagBag","filename":"dagbag.py","lineno":460}
{"timestamp":"2026-09-21T16:41:47.183879Z","level":"info","event":"Filling up the DagBag from /opt/airflow/dags/conditional_dag.py","logger":"airflow.dag_processing.dagbag.BundleDagBag","filename":"dagbag.py","lineno":460}
{"timestamp":"2026-09-21T16:42:17.553928Z","level":"info","event":"Filling up the DagBag from /opt/airflow/dags/conditional_dag.py","logger":"airflow.dag_processing.dagbag.BundleDagBag","filename":"dagbag.py","lineno":460}
{"timestamp":"2026-09-21T16:42:48.815900Z","level":"info","event":"Filling up the DagBag from /opt/airflow/dags/conditional_dag.py","logger":"airflow.dag_processing.dagbag.BundleDagBag","filename":"dagbag.py","lineno":460}
{"timestamp":"2026-09-21T16:43:19.173471Z","level":"info","event":"Filling up the DagBag from /opt/airflow/dags/conditional_dag.py","logger":"airflow.dag_processing.dagbag.BundleDagBag","filename":"dagbag.py","lineno":460}
{"timestamp":"2026-09-21T16:43:49.665128Z","level":"info","event":"Filling up the DagBag from /opt/airflow/dags/conditional_dag.py","logger":"airflow.dag_processing.dagbag.BundleDagBag","filename":"dagbag.py","lineno":460}
{"timestamp":"2026-09-21T16:44:19.995566Z","level":"info","event":"Filling up the DagBag from /opt/airflow/dags/conditional_dag.py","logger":"airflow.dag_processing.dagbag.BundleDagBag","filename":"dagbag.py","lineno":460}
{"timestamp":"2026-09-21T16:44:50.510152Z","level":"info","event":"Filling up the DagBag from /opt/airflow/dags/conditional_dag.py","logger":"airflow.dag_processing.dagbag.BundleDagBag","filename":"dagbag.py","lineno":460}
{"timestamp":"2026-09-21T16:45:21.184779Z","level":"info","event":"Filling up the DagBag from /opt/airflow/dags/conditional_dag.py","logger":"airflow.dag_processing.dagbag.BundleDagBag","filename":"dagbag.py","lineno":460}
{"timestamp":"2026-09-21T16:45:51.684237Z","level":"info","event":"Filling up the DagBag from /opt/airflow/dags/conditional_dag.py","logger":"airflow.dag_processing.dagbag.BundleDagBag","filename":"dagbag.py","lineno":460}
{"timestamp":"2026-09-21T16:46:22.098527Z","level":"info","event":"Filling up the DagBag from /opt/airflow/dags/conditional_dag.py","logger":"airflow.dag_processing.dagbag.BundleDagBag","filename":"dagbag.py","lineno":460}
{"timestamp":"2026-09-21T16:46:53.146906Z","level":"info","event":"Filling up the DagBag from /opt/airflow/dags/conditional_dag.py","logger":"airflow.dag_processing.dagbag.BundleDagBag","filename":"dagbag.py","lineno":460}
{"timestamp":"2026-09-21T16:47:23.797004Z","level":"info","event":"Filling up the DagBag from /opt/airflow/dags/conditional_dag.py","logger":"airflow.dag_processing.dagbag.BundleDagBag","filename":"dagbag.py","lineno":460}
{"timestamp":"2026-09-21T16:47:54.710133Z","level":"info","event":"Filling up the DagBag from /opt/airflow/dags/conditional_dag.py","logger":"airflow.dag_processing.dagbag.BundleDagBag","filename":"dagbag.py","lineno":460}
{"timestamp":"2026-09-21T16:48:25.158016Z","level":"info","event":"Filling up the DagBag from /opt/airflow/dags/conditional_dag.py","logger":"airflow.dag_processing.dagbag.BundleDagBag","filename":"dagbag.py","lineno":460}
{"timestamp":"2026-09-21T16:48:55.580321Z","level":"info","event":"Filling up the DagBag from /opt/airflow/dags/conditional_dag.py","logger":"airflow.dag_processing.dagbag.BundleDagBag","filename":"dagbag.py","lineno":460}
{"timestamp":"2026-09-21T16:49:26.183735Z","level":"info","event":"Filling up the DagBag from /opt/airflow/dags/conditional_dag.py","logger":"airflow.dag_processing.dagbag.BundleDagBag","filename":"dagbag.py","lineno":460}
{"timestamp":"2026-09-21T16:49:56.767374Z","level":"info","event":"Filling up the DagBag from /opt/airflow/dags/conditional_dag.py","logger":"airflow.dag_processing.dagbag.BundleDagBag","filename":"dagbag.py","lineno":460}
{"timestamp":"2026-09-21T16:50:27.479642Z","level":"info","event":"Filling up the DagBag from /opt/airflow/dags/conditional_dag.py","logger":"airflow.dag_processing.dagbag.BundleDagBag","filename":"dagbag.py","lineno":460}
{"timestamp":"2026-09-21T16:50:58.560901Z","level":"info","event":"Filling up the DagBag from /opt/airflow/dags/conditional_dag.py","logger":"airflow.dag_processing.dagbag.BundleDagBag","filename":"dagbag.py","lineno":460}
{"timestamp":"2026-09-21T16:51:29.243684Z","level":"info","event":"Filling up the DagBag from /opt/airflow/dags/conditional_dag.py","logger":"airflow.dag_processing.dagbag.BundleDagBag","filename":"dagbag.py","lineno":460}
{"timestamp":"2026-09-21T16:52:00.125012Z","level":"info","event":"Filling up the DagBag from /opt/airflow/dags/conditional_dag.py","logger":"airflow.dag_processing.dagbag.BundleDagBag","filename":"dagbag.py","lineno":460}
{"timestamp":"2026-09-21T16:52:30.466152Z","level":"info","event":"Filling up the DagBag from /opt/airflow/dags/conditional_dag.py","logger":"airflow.dag_processing.dagbag.BundleDagBag","filename":"dagbag.py","lineno":460}
{"timestamp":"2026-09-21T16:53:01.021712Z","level":"info","event":"Filling up the DagBag from /opt/airflow/dags/conditional_dag.py","logger":"airflow.dag_processing.dagbag.BundleDagBag","filename":"dagbag.py","lineno":460}
{"timestamp":"2026-09-21T16:53:31.591612Z","level":"info","event":"Filling up the DagBag from /opt/airflow/dags/conditional_dag.py","logger":"airflow.dag_processing.dagbag.BundleDagBag","filename":"dagbag.py","lineno":460}
{"timestamp":"2026-09-21T16:54:01.904332Z","level":"info","event":"Filling up the DagBag from /opt/airflow/dags/conditional_dag.py","logger":"airflow.dag_processing.dagbag.BundleDagBag","filename":"dagbag.py","lineno":460}
{"timestamp":"2026-09-21T16:54:32.884107Z","level":"info","event":"Filling up the DagBag from /opt/airflow/dags/conditional_dag.py","logger":"airflow.dag_processing.dagbag.BundleDagBag","filename":"dagbag.py","lineno":460}
{"timestamp":"2026-09-21T16:55:03.429482Z","level":"info","event":"Filling up the DagBag from /opt/airflow/dags/conditional_dag.py","logger":"airflow.dag_processing.dagbag.BundleDagBag","filename":"dagbag.py","lineno":460}
{"timestamp":"2026-09-21T16:55:33.795599Z","level":"info","event":"Filling up the DagBag from /opt/airflow/dags/conditional_dag.py","logger":"airflow.dag_processing.dagbag.BundleDagBag","filename":"dagbag.py","lineno":460}
{"timestamp":"2026-09-21T16:56:04.579397Z","level":"info","event":"Filling up the DagBag from /opt/airflow/dags/conditional_dag.py","logger":"airflow.dag_processing.dagbag.BundleDagBag","filename":"dagbag.py","lineno":460}
{"timestamp":"2026-09-21T16:56:35.148643Z","level":"info","event":"Filling up the DagBag from /opt/airflow/dags/conditional_dag.py","logger":"airflow.dag_processing.dagbag.BundleDagBag","filename":"dagbag.py","lineno":460}
{"timestamp":"2026-09-21T16:57:05.495953Z","level":"info","event":"Filling up the DagBag from /opt/airflow/dags/conditional_dag.py","logger":"airflow.dag_processing.dagbag.BundleDagBag","filename":"dagbag.py","lineno":460}
{"timestamp":"2026-09-21T16:57:36.174124Z","level":"info","event":"Filling up the DagBag from /opt/airflow/dags/conditional_dag.py","logger":"airflow.dag_processing.dagbag.BundleDagBag","filename":"dagbag.py","lineno":460}
{"timestamp":"2026-09-21T16:58:07.281663Z","level":"info","event":"Filling up the DagBag from /opt/airflow/dags/conditional_dag.py","logger":"airflow.dag_processing.dagbag.BundleDagBag","filename":"dagbag.py","lineno":460}
{"timestamp":"2026-09-21T16:58:38.479787Z","level":"info","event":"Filling up the DagBag from /opt/airflow/dags/conditional_dag.py","logger":"airflow.dag_processing.dagbag.BundleDagBag","filename":"dagbag.py","lineno":460}
{"timestamp":"2026-09-21T16:59:09.258269Z","level":"info","event":"Filling up the DagBag from /opt/airflow/dags/conditional_dag.py","logger":"airflow.dag_processing.dagbag.BundleDagBag","filename":"dagbag.py","lineno":460}
{"timestamp":"2026-09-21T16:59:40.188632Z","level":"info","event":"Filling up the DagBag from /opt/airflow/dags/conditional_dag.py","logger":"airflow.dag_processing.dagbag.BundleDagBag","filename":"dagbag.py","lineno":460}
{"timestamp":"2026-09-21T17:00:10.460602Z","level":"info","event":"Filling up the DagBag from /opt/airflow/dags/conditional_dag.py","logger":"airflow.dag_processing.dagbag.BundleDagBag","filename":"dagbag.py","lineno":460}
{"timestamp":"2026-09-21T17:00:41.226480Z","level":"info","event":"Filling up the DagBag from /opt/airflow/dags/conditional_dag.py","logger":"airflow.dag_processing.dagbag.BundleDagBag","filename":"dagbag.py","lineno":460}
{"timestamp":"2026-09-21T17:01:11.831648Z","level":"info","event":"Filling up the DagBag from /opt/airflow/dags/conditional_dag.py","logger":"airflow.dag_processing.dagbag.BundleDagBag","filename":"dagbag.py","lineno":460}
{"timestamp":"2026-09-21T17:01:42.490328Z","level":"info","event":"Filling up the DagBag from /opt/airflow/dags/conditional_dag.py","logger":"airflow.dag_processing.dagbag.BundleDagBag","filename":"dagbag.py","lineno":460}
{"timestamp":"2026-09-21T17:02:13.188431Z","level":"info","event":"Filling up the DagBag from /opt/airflow/dags/conditional_dag.py","logger":"airflow.dag_processing.dagbag.BundleDagBag","filename":"dagbag.py","lineno":460}
{"timestamp":"2026-09-21T17:02:43.505521Z","level":"info","event":"Filling up the DagBag from /opt/airflow/dags/conditional_dag.py","logger":"airflow.dag_processing.dagbag.BundleDagBag","filename":"dagbag.py","lineno":460}
{"timestamp":"2026-09-21T17:03:14.479990Z","level":"info","event":"Filling up the DagBag from /opt/airflow/dags/conditional_dag.py","logger":"airflow.dag_processing.dagbag.BundleDagBag","filename":"dagbag.py","lineno":460}
{"timestamp":"2026-09-21T17:03:45.241777Z","level":"info","event":"Filling up the DagBag from /opt/airflow/dags/conditional_dag.py","logger":"airflow.dag_processing.dagbag.BundleDagBag","filename":"dagbag.py","lineno":460}
{"timestamp":"2026-09-21T17:04:16.045173Z","level":"info","event":"Filling up the DagBag from /opt/airflow/dags/conditional_dag.py","logger":"airflow.dag_processing.dagbag.BundleDagBag","filename":"dagbag.py","lineno":460}
{"timestamp":"2026-09-21T17:04:46.371789Z","level":"info","event":"Filling up the DagBag from /opt/airflow/dags/conditional_dag.py","logger":"airflow.dag_processing.dagbag.BundleDagBag","filename":"dagbag.py","lineno":460}
{"timestamp":"2026-09-21T17:05:17.236407Z","level":"info","event":"Filling up the DagBag from /opt/airflow/dags/conditional_dag.py","logger":"airflow.dag_processing.dagbag.BundleDagBag","filename":"dagbag.py","lineno":460}
{"timestamp":"2026-09-21T17:05:47.760672Z","level":"info","event":"Filling up the DagBag from /opt/airflow/dags/conditional_dag.py","logger":"airflow.dag_processing.dagbag.BundleDagBag","filename":"dagbag.py","lineno":460}
{"timestamp":"2026-09-21T17:06:18.294010Z","level":"info","event":"Filling up the DagBag from /opt/airflow/dags/conditional_dag.py","logger":"airflow.dag_processing.dagbag.BundleDagBag","filename":"dagbag.py","lineno":460}
{"timestamp":"2026-09-21T17:06:49.152986Z","level":"info","event":"Filling up the DagBag from /opt/airflow/dags/conditional_dag.py","logger":"airflow.dag_processing.dagbag.BundleDagBag","filename":"dagbag.py","lineno":460}
{"timestamp":"2026-09-21T17:07:19.873387Z","level":"info","event":"Filling up the DagBag from /opt/airflow/dags/conditional_dag.py","logger":"airflow.dag_processing.dagbag.BundleDagBag","filename":"dagbag.py","lineno":460}
{"timestamp":"2026-09-21T17:07:50.376749Z","level":"info","event":"Filling up the DagBag from /opt/airflow/dags/conditional_dag.py","logger":"airflow.dag_processing.dagbag.BundleDagBag","filename":"dagbag.py","lineno":460}
{"timestamp":"2026-09-21T17:08:20.991582Z","level":"info","event":"Filling up the DagBag from /opt/airflow/dags/conditional_dag.py","logger":"airflow.dag_processing.dagbag.BundleDagBag","filename":"dagbag.py","lineno":460}
{"timestamp":"2026-09-21T17:08:51.456027Z","level":"info","event":"Filling up the DagBag from /opt/airflow/dags/conditional_dag.py","logger":"airflow.dag_processing.dagbag.BundleDagBag","filename":"dagbag.py","lineno":460}
{"timestamp":"2026-09-21T17:09:22.039315Z","level":"info","event":"Filling up the DagBag from /opt/airflow/dags/conditional_dag.py","logger":"airflow.dag_processing.dagbag.BundleDagBag","filename":"dagbag.py","lineno":460}
{"timestamp":"2026-09-21T17:09:52.641749Z","level":"info","event":"Filling up the DagBag from /opt/airflow/dags/conditional_dag.py","logger":"airflow.dag_processing.dagbag.BundleDagBag","filename":"dagbag.py","lineno":460}
{"timestamp":"2026-09-21T17:10:23.222393Z","level":"info","event":"Filling up the DagBag from /opt/airflow/dags/conditional_dag.py","logger":"airflow.dag_processing.dagbag.BundleDagBag","filename":"dagbag.py","lineno":460}
{"timestamp":"2026-09-21T17:10:53.897128Z","level":"info","event":"Filling up the DagBag from /opt/airflow/dags/conditional_dag.py","logger":"airflow.dag_processing.dagbag.BundleDagBag","filename":"dagbag.py","lineno":460}
{"timestamp":"2026-09-21T17:11:24.283116Z","level":"info","event":"Filling up the DagBag from /opt/airflow/dags/conditional_dag.py","logger":"airflow.dag_processing.dagbag.BundleDagBag","filename":"dagbag.py","lineno":460}
{"timestamp":"2026-09-21T17:11:54.782481Z","level":"info","event":"Filling up the DagBag from /opt/airflow/dags/conditional_dag.py","logger":"airflow.dag_processing.dagbag.BundleDagBag","filename":"dagbag.py","lineno":460}
{"timestamp":"2026-09-21T17:12:25.180881Z","level":"info","event":"Filling up the DagBag from /opt/airflow/dags/conditional_dag.py","logger":"airflow.dag_processing.dagbag.BundleDagBag","filename":"dagbag.py","lineno":460}
{"timestamp":"2026-09-21T17:12:56.026362Z","level":"info","event":"Filling up the DagBag from /opt/airflow/dags/conditional_dag.py","logger":"airflow.dag_processing.dagbag.BundleDagBag","filename":"dagbag.py","lineno":460}
{"timestamp":"2026-09-21T17:13:26.342589Z","level":"info","event":"Filling up the DagBag from /opt/airflow/dags/conditional_dag.py","logger":"airflow.dag_processing.dagbag.BundleDagBag","filename":"dagbag.py","lineno":460}
{"timestamp":"2026-09-21T17:13:56.837540Z","level":"info","event":"Filling up the DagBag from /opt/airflow/dags/conditional_dag.py","logger":"airflow.dag_processing.dagbag.BundleDagBag","filename":"dagbag.py","lineno":460}
{"timestamp":"2026-09-21T17:14:27.591992Z","level":"info","event":"Filling up the DagBag from /opt/airflow/dags/conditional_dag.py","logger":"airflow.dag_processing.dagbag.BundleDagBag","filename":"dagbag.py","lineno":460}
{"timestamp":"2026-09-21T17:14:57.986663Z","level":"info","event":"Filling up the DagBag from /opt/airflow/dags/conditional_dag.py","logger":"airflow.dag_processing.dagbag.BundleDagBag","filename":"dagbag.py","lineno":460}
{"timestamp":"2026-09-21T17:15:28.326056Z","level":"info","event":"Filling up the DagBag from /opt/airflow/dags/conditional_dag.py","logger":"airflow.dag_processing.dagbag.BundleDagBag","filename":"dagbag.py","lineno":460}
{"timestamp":"2026-09-21T17:15:59.281665Z","level":"info","event":"Filling up the DagBag from /opt/airflow/dags/conditional_dag.py","logger":"airflow.dag_processing.dagbag.BundleDagBag","filename":"dagbag.py","lineno":460}
{"timestamp":"2026-09-21T17:16:29.656677Z","level":"info","event":"Filling up the DagBag from /opt/airflow/dags/conditional_dag.py","logger":"airflow.dag_processing.dagbag.BundleDagBag","filename":"dagbag.py","lineno":460}
{"timestamp":"2026-09-21T17:17:00.292717Z","level":"info","event":"Filling up the DagBag from /opt/airflow/dags/conditional_dag.py","logger":"airflow.dag_processing.dagbag.BundleDagBag","filename":"dagbag.py","lineno":460}
{"timestamp":"2026-09-21T17:17:30.711356Z","level":"info","event":"Filling up the DagBag from /opt/airflow/dags/conditional_dag.py","logger":"airflow.dag_processing.dagbag.BundleDagBag","filename":"dagbag.py","lineno":460}
{"timestamp":"2026-09-21T17:18:01.341742Z","level":"info","event":"Filling up the DagBag from /opt/airflow/dags/conditional_dag.py","logger":"airflow.dag_processing.dagbag.BundleDagBag","filename":"dagbag.py","lineno":460}
{"timestamp":"2026-09-21T17:18:31.918879Z","level":"info","event":"Filling up the DagBag from /opt/airflow/dags/conditional_dag.py","logger":"airflow.dag_processing.dagbag.BundleDagBag","filename":"dagbag.py","lineno":460}
{"timestamp":"2026-09-21T17:19:02.847692Z","level":"info","event":"Filling up the DagBag from /opt/airflow/dags/conditional_dag.py","logger":"airflow.dag_processing.dagbag.BundleDagBag","filename":"dagbag.py","lineno":460}
{"timestamp":"2026-09-21T17:19:33.321148Z","level":"info","event":"Filling up the DagBag from /opt/airflow/dags/conditional_dag.py","logger":"airflow.dag_processing.dagbag.BundleDagBag","filename":"dagbag.py","lineno":460}
{"timestamp":"2026-09-21T17:20:03.714168Z","level":"info","event":"Filling up the DagBag from /opt/airflow/dags/conditional_dag.py","logger":"airflow.dag_processing.dagbag.BundleDagBag","filename":"dagbag.py","lineno":460}
{"timestamp":"2026-09-21T17:20:34.700967Z","level":"info","event":"Filling up the DagBag from /opt/airflow/dags/conditional_dag.py","logger":"airflow.dag_processing.dagbag.BundleDagBag","filename":"dagbag.py","lineno":460}
{"timestamp":"2026-09-21T17:21:05.264516Z","level":"info","event":"Filling up the DagBag from /opt/airflow/dags/conditional_dag.py","logger":"airflow.dag_processing.dagbag.BundleDagBag","filename":"dagbag.py","lineno":460}
{"timestamp":"2026-09-21T17:21:35.862114Z","level":"info","event":"Filling up the DagBag from /opt/airflow/dags/conditional_dag.py","logger":"airflow.dag_processing.dagbag.BundleDagBag","filename":"dagbag.py","lineno":460}
{"timestamp":"2026-09-21T17:22:06.736024Z","level":"info","event":"Filling up the DagBag from /opt/airflow/dags/conditional_dag.py","logger":"airflow.dag_processing.dagbag.BundleDagBag","filename":"dagbag.py","lineno":460}
{"timestamp":"2026-09-21T17:22:37.187526Z","level":"info","event":"Filling up the DagBag from /opt/airflow/dags/conditional_dag.py","logger":"airflow.dag_processing.dagbag.BundleDagBag","filename":"dagbag.py","lineno":460}
