{"timestamp":"2026-09-22T05:56:16.891543Z","level":"info","event":"Filling up the DagBag from /opt/airflow/dags/schedule_preset.py","logger":"airflow.dag_processing.dagbag.BundleDagBag","filename":"dagbag.py","lineno":460}
{"timestamp":"2026-09-22T05:56:17.183218Z","level":"error","event":"Failed to import: /opt/airflow/dags/schedule_preset.py","logger":"airflow.dag_processing.importers.python_importer","filename":"python_importer.py","lineno":244,"error_detail":[{"exc_type":"ModuleNotFoundError","exc_value":"No module named 'pedulum'","exc_notes":[],"syntax_error":null,"is_cause":false,"frames":[{"filename":"/home/airflow/.local/lib/python3.13/site-packages/airflow/dag_processing/importers/python_importer.py","lineno":238,"name":"parse"},{"filename":"<frozen importlib._bootstrap_external>","lineno":1023,"name":"exec_module"},{"filename":"<frozen importlib._bootstrap>","lineno":488,"name":"_call_with_frames_removed"},{"filename":"/opt/airflow/dags/schedule_preset.py","lineno":2,"name":"<module>"}],"is_group":false,"exceptions":[]}]}
{"timestamp":"2026-09-22T05:56:17.199526Z","level":"error","event":"Error loading DAG from schedule_preset.py: No module named 'pedulum'","logger":"airflow.dag_processing.dagbag.BundleDagBag","filename":"dagbag.py","lineno":319}
{"timestamp":"2026-09-22T05:56:48.008623Z","level":"info","event":"Filling up the DagBag from /opt/airflow/dags/schedule_preset.py","logger":"airflow.dag_processing.dagbag.BundleDagBag","filename":"dagbag.py","lineno":460}
{"timestamp":"2026-09-22T05:56:48.185531Z","level":"error","event":"Failed to import: /opt/airflow/dags/schedule_preset.py","logger":"airflow.dag_processing.importers.python_importer","filename":"python_importer.py","lineno":244,"error_detail":[{"exc_type":"ModuleNotFoundError","exc_value":"No module named 'pedulum'","exc_notes":[],"syntax_error":null,"is_cause":false,"frames":[{"filename":"/home/airflow/.local/lib/python3.13/site-packages/airflow/dag_processing/importers/python_importer.py","lineno":238,"name":"parse"},{"filename":"<frozen importlib._bootstrap_external>","lineno":1023,"name":"exec_module"},{"filename":"<frozen importlib._bootstrap>","lineno":488,"name":"_call_with_frames_removed"},{"filename":"/opt/airflow/dags/schedule_preset.py","lineno":2,"name":"<module>"}],"is_group":false,"exceptions":[]}]}
{"timestamp":"2026-09-22T05:56:48.201359Z","level":"error","event":"Error loading DAG from schedule_preset.py: No module named 'pedulum'","logger":"airflow.dag_processing.dagbag.BundleDagBag","filename":"dagbag.py","lineno":319}
{"timestamp":"2026-09-22T05:57:18.774037Z","level":"info","event":"Filling up the DagBag from /opt/airflow/dags/schedule_preset.py","logger":"airflow.dag_processing.dagbag.BundleDagBag","filename":"dagbag.py","lineno":460}
{"timestamp":"2026-09-22T05:57:19.067868Z","level":"error","event":"Failed to import: /opt/airflow/dags/schedule_preset.py","logger":"airflow.dag_processing.importers.python_importer","filename":"python_importer.py","lineno":244,"error_detail":[{"exc_type":"ModuleNotFoundError","exc_value":"No module named 'pedulum'","exc_notes":[],"syntax_error":null,"is_cause":false,"frames":[{"filename":"/home/airflow/.local/lib/python3.13/site-packages/airflow/dag_processing/importers/python_importer.py","lineno":238,"name":"parse"},{"filename":"<frozen importlib._bootstrap_external>","lineno":1023,"name":"exec_module"},{"filename":"<frozen importlib._bootstrap>","lineno":488,"name":"_call_with_frames_removed"},{"filename":"/opt/airflow/dags/schedule_preset.py","lineno":2,"name":"<module>"}],"is_group":false,"exceptions":[]}]}
{"timestamp":"2026-09-22T05:57:19.089065Z","level":"error","event":"Error loading DAG from schedule_preset.py: No module named 'pedulum'","logger":"airflow.dag_processing.dagbag.BundleDagBag","filename":"dagbag.py","lineno":319}
{"timestamp":"2026-09-22T05:57:49.407787Z","level":"info","event":"Filling up the DagBag from /opt/airflow/dags/schedule_preset.py","logger":"airflow.dag_processing.dagbag.BundleDagBag","filename":"dagbag.py","lineno":460}
{"timestamp":"2026-09-22T05:57:49.549188Z","level":"error","event":"Failed to import: /opt/airflow/dags/schedule_preset.py","logger":"airflow.dag_processing.importers.python_importer","filename":"python_importer.py","lineno":244,"error_detail":[{"exc_type":"ModuleNotFoundError","exc_value":"No module named 'pedulum'","exc_notes":[],"syntax_error":null,"is_cause":false,"frames":[{"filename":"/home/airflow/.local/lib/python3.13/site-packages/airflow/dag_processing/importers/python_importer.py","lineno":238,"name":"parse"},{"filename":"<frozen importlib._bootstrap_external>","lineno":1023,"name":"exec_module"},{"filename":"<frozen importlib._bootstrap>","lineno":488,"name":"_call_with_frames_removed"},{"filename":"/opt/airflow/dags/schedule_preset.py","lineno":2,"name":"<module>"}],"is_group":false,"exceptions":[]}]}
{"timestamp":"2026-09-22T05:57:49.565917Z","level":"error","event":"Error loading DAG from schedule_preset.py: No module named 'pedulum'","logger":"airflow.dag_processing.dagbag.BundleDagBag","filename":"dagbag.py","lineno":319}
{"timestamp":"2026-09-22T05:58:14.532750Z","level":"info","event":"Filling up the DagBag from /opt/airflow/dags/schedule_preset.py","logger":"airflow.dag_processing.dagbag.BundleDagBag","filename":"dagbag.py","lineno":460}
{"timestamp":"2026-09-22T05:58:14.734993Z","level":"error","event":"Failed to import: /opt/airflow/dags/schedule_preset.py","logger":"airflow.dag_processing.importers.python_importer","filename":"python_importer.py","lineno":244,"error_detail":[{"exc_type":"NameError","exc_value":"name 'schedule_dag' is not defined","exc_notes":[],"syntax_error":null,"is_cause":false,"frames":[{"filename":"/home/airflow/.local/lib/python3.13/site-packages/airflow/dag_processing/importers/python_importer.py","lineno":238,"name":"parse"},{"filename":"<frozen importlib._bootstrap_external>","lineno":1023,"name":"exec_module"},{"filename":"<frozen importlib._bootstrap>","lineno":488,"name":"_call_with_frames_removed"},{"filename":"/opt/airflow/dags/schedule_preset.py","lineno":23,"name":"<module>"}],"is_group":false,"exceptions":[]}]}
{"timestamp":"2026-09-22T05:58:14.752099Z","level":"error","event":"Error loading DAG from schedule_preset.py: name 'schedule_dag' is not defined","logger":"airflow.dag_processing.dagbag.BundleDagBag","filename":"dagbag.py","lineno":319}
{"timestamp":"2026-09-22T05:58:45.380549Z","level":"info","event":"Filling up the DagBag from /opt/airflow/dags/schedule_preset.py","logger":"airflow.dag_processing.dagbag.BundleDagBag","filename":"dagbag.py","lineno":460}
{"timestamp":"2026-09-22T05:58:45.453270Z","level":"error","event":"Failed to import: /opt/airflow/dags/schedule_preset.py","logger":"airflow.dag_processing.importers.python_importer","filename":"python_importer.py","lineno":244,"error_detail":[{"exc_type":"NameError","exc_value":"name 'schedule_dag' is not defined","exc_notes":[],"syntax_error":null,"is_cause":false,"frames":[{"filename":"/home/airflow/.local/lib/python3.13/site-packages/airflow/dag_processing/importers/python_importer.py","lineno":238,"name":"parse"},{"filename":"<frozen importlib._bootstrap_external>","lineno":1023,"name":"exec_module"},{"filename":"<frozen importlib._bootstrap>","lineno":488,"name":"_call_with_frames_removed"},{"filename":"/opt/airflow/dags/schedule_preset.py","lineno":23,"name":"<module>"}],"is_group":false,"exceptions":[]}]}
{"timestamp":"2026-09-22T05:58:45.464813Z","level":"error","event":"Error loading DAG from schedule_preset.py: name 'schedule_dag' is not defined","logger":"airflow.dag_processing.dagbag.BundleDagBag","filename":"dagbag.py","lineno":319}
{"timestamp":"2026-09-22T05:58:55.405898Z","level":"info","event":"Filling up the DagBag from /opt/airflow/dags/schedule_preset.py","logger":"airflow.dag_processing.dagbag.BundleDagBag","filename":"dagbag.py","lineno":460}
{"timestamp":"2026-09-22T05:59:25.959150Z","level":"info","event":"Filling up the DagBag from /opt/airflow/dags/schedule_preset.py","logger":"airflow.dag_processing.dagbag.BundleDagBag","filename":"dagbag.py","lineno":460}
{"timestamp":"2026-09-22T05:59:56.404133Z","level":"info","event":"Filling up the DagBag from /opt/airflow/dags/schedule_preset.py","logger":"airflow.dag_processing.dagbag.BundleDagBag","filename":"dagbag.py","lineno":460}
{"timestamp":"2026-09-22T06:00:26.811259Z","level":"info","event":"Filling up the DagBag from /opt/airflow/dags/schedule_preset.py","logger":"airflow.dag_processing.dagbag.BundleDagBag","filename":"dagbag.py","lineno":460}
{"timestamp":"2026-09-22T06:00:57.361727Z","level":"info","event":"Filling up the DagBag from /opt/airflow/dags/schedule_preset.py","logger":"airflow.dag_processing.dagbag.BundleDagBag","filename":"dagbag.py","lineno":460}
{"timestamp":"2026-09-22T06:01:27.691907Z","level":"info","event":"Filling up the DagBag from /opt/airflow/dags/schedule_preset.py","logger":"airflow.dag_processing.dagbag.BundleDagBag","filename":"dagbag.py","lineno":460}
{"timestamp":"2026-09-22T06:01:58.209149Z","level":"info","event":"Filling up the DagBag from /opt/airflow/dags/schedule_preset.py","logger":"airflow.dag_processing.dagbag.BundleDagBag","filename":"dagbag.py","lineno":460}
{"timestamp":"2026-09-22T06:02:28.510775Z","level":"info","event":"Filling up the DagBag from /opt/airflow/dags/schedule_preset.py","logger":"airflow.dag_processing.dagbag.BundleDagBag","filename":"dagbag.py","lineno":460}
{"timestamp":"2026-09-22T06:02:58.953695Z","level":"info","event":"Filling up the DagBag from /opt/airflow/dags/schedule_preset.py","logger":"airflow.dag_processing.dagbag.BundleDagBag","filename":"dagbag.py","lineno":460}
{"timestamp":"2026-09-22T06:03:29.422965Z","level":"info","event":"Filling up the DagBag from /opt/airflow/dags/schedule_preset.py","logger":"airflow.dag_processing.dagbag.BundleDagBag","filename":"dagbag.py","lineno":460}
{"timestamp":"2026-09-22T06:03:59.663731Z","level":"info","event":"Filling up the DagBag from /opt/airflow/dags/schedule_preset.py","logger":"airflow.dag_processing.dagbag.BundleDagBag","filename":"dagbag.py","lineno":460}
{"timestamp":"2026-09-22T06:04:30.683881Z","level":"info","event":"Filling up the DagBag from /opt/airflow/dags/schedule_preset.py","logger":"airflow.dag_processing.dagbag.BundleDagBag","filename":"dagbag.py","lineno":460}
{"timestamp":"2026-09-22T06:05:01.651110Z","level":"info","event":"Filling up the DagBag from /opt/airflow/dags/schedule_preset.py","logger":"airflow.dag_processing.dagbag.BundleDagBag","filename":"dagbag.py","lineno":460}
{"timestamp":"2026-09-22T06:05:32.076421Z","level":"info","event":"Filling up the DagBag from /opt/airflow/dags/schedule_preset.py","logger":"airflow.dag_processing.dagbag.BundleDagBag","filename":"dagbag.py","lineno":460}
{"timestamp":"2026-09-22T06:06:02.913436Z","level":"info","event":"Filling up the DagBag from /opt/airflow/dags/schedule_preset.py","logger":"airflow.dag_processing.dagbag.BundleDagBag","filename":"dagbag.py","lineno":460}
{"timestamp":"2026-09-22T06:06:33.803164Z","level":"info","event":"Filling up the DagBag from /opt/airflow/dags/schedule_preset.py","logger":"airflow.dag_processing.dagbag.BundleDagBag","filename":"dagbag.py","lineno":460}
{"timestamp":"2026-09-22T06:07:04.446445Z","level":"info","event":"Filling up the DagBag from /opt/airflow/dags/schedule_preset.py","logger":"airflow.dag_processing.dagbag.BundleDagBag","filename":"dagbag.py","lineno":460}
{"timestamp":"2026-09-22T06:07:35.065650Z","level":"info","event":"Filling up the DagBag from /opt/airflow/dags/schedule_preset.py","logger":"airflow.dag_processing.dagbag.BundleDagBag","filename":"dagbag.py","lineno":460}
{"timestamp":"2026-09-22T06:08:05.683673Z","level":"info","event":"Filling up the DagBag from /opt/airflow/dags/schedule_preset.py","logger":"airflow.dag_processing.dagbag.BundleDagBag","filename":"dagbag.py","lineno":460}
{"timestamp":"2026-09-22T06:08:35.981420Z","level":"info","event":"Filling up the DagBag from /opt/airflow/dags/schedule_preset.py","logger":"airflow.dag_processing.dagbag.BundleDagBag","filename":"dagbag.py","lineno":460}
{"timestamp":"2026-09-22T06:09:06.345727Z","level":"info","event":"Filling up the DagBag from /opt/airflow/dags/schedule_preset.py","logger":"airflow.dag_processing.dagbag.BundleDagBag","filename":"dagbag.py","lineno":460}
{"timestamp":"2026-09-22T06:09:36.893939Z","level":"info","event":"Filling up the DagBag from /opt/airflow/dags/schedule_preset.py","logger":"airflow.dag_processing.dagbag.BundleDagBag","filename":"dagbag.py","lineno":460}
{"timestamp":"2026-09-22T06:10:07.348404Z","level":"info","event":"Filling up the DagBag from /opt/airflow/dags/schedule_preset.py","logger":"airflow.dag_processing.dagbag.BundleDagBag","filename":"dagbag.py","lineno":460}
{"timestamp":"2026-09-22T06:10:37.851765Z","level":"info","event":"Filling up the DagBag from /opt/airflow/dags/schedule_preset.py","logger":"airflow.dag_processing.dagbag.BundleDagBag","filename":"dagbag.py","lineno":460}
{"timestamp":"2026-09-22T06:11:08.686580Z","level":"info","event":"Filling up the DagBag from /opt/airflow/dags/schedule_preset.py","logger":"airflow.dag_processing.dagbag.BundleDagBag","filename":"dagbag.py","lineno":460}
{"timestamp":"2026-09-22T06:11:39.193620Z","level":"info","event":"Filling up the DagBag from /opt/airflow/dags/schedule_preset.py","logger":"airflow.dag_processing.dagbag.BundleDagBag","filename":"dagbag.py","lineno":460}
{"timestamp":"2026-09-22T06:12:10.335064Z","level":"info","event":"Filling up the DagBag from /opt/airflow/dags/schedule_preset.py","logger":"airflow.dag_processing.dagbag.BundleDagBag","filename":"dagbag.py","lineno":460}
{"timestamp":"2026-09-22T06:12:40.735218Z","level":"info","event":"Filling up the DagBag from /opt/airflow/dags/schedule_preset.py","logger":"airflow.dag_processing.dagbag.BundleDagBag","filename":"dagbag.py","lineno":460}
{"timestamp":"2026-09-22T06:13:11.043182Z","level":"info","event":"Filling up the DagBag from /opt/airflow/dags/schedule_preset.py","logger":"airflow.dag_processing.dagbag.BundleDagBag","filename":"dagbag.py","lineno":460}
{"timestamp":"2026-09-22T06:13:41.856982Z","level":"info","event":"Filling up the DagBag from /opt/airflow/dags/schedule_preset.py","logger":"airflow.dag_processing.dagbag.BundleDagBag","filename":"dagbag.py","lineno":460}
{"timestamp":"2026-09-22T06:14:12.463245Z","level":"info","event":"Filling up the DagBag from /opt/airflow/dags/schedule_preset.py","logger":"airflow.dag_processing.dagbag.BundleDagBag","filename":"dagbag.py","lineno":460}
{"timestamp":"2026-09-22T06:14:43.159889Z","level":"info","event":"Filling up the DagBag from /opt/airflow/dags/schedule_preset.py","logger":"airflow.dag_processing.dagbag.BundleDagBag","filename":"dagbag.py","lineno":460}
{"timestamp":"2026-09-22T06:15:13.666431Z","level":"info","event":"Filling up the DagBag from /opt/airflow/dags/schedule_preset.py","logger":"airflow.dag_processing.dagbag.BundleDagBag","filename":"dagbag.py","lineno":460}
{"timestamp":"2026-09-22T06:15:44.528726Z","level":"info","event":"Filling up the DagBag from /opt/airflow/dags/schedule_preset.py","logger":"airflow.dag_processing.dagbag.BundleDagBag","filename":"dagbag.py","lineno":460}
{"timestamp":"2026-09-22T06:16:15.395085Z","level":"info","event":"Filling up the DagBag from /opt/airflow/dags/schedule_preset.py","logger":"airflow.dag_processing.dagbag.BundleDagBag","filename":"dagbag.py","lineno":460}
{"timestamp":"2026-09-22T06:16:46.136117Z","level":"info","event":"Filling up the DagBag from /opt/airflow/dags/schedule_preset.py","logger":"airflow.dag_processing.dagbag.BundleDagBag","filename":"dagbag.py","lineno":460}
{"timestamp":"2026-09-22T06:17:16.873517Z","level":"info","event":"Filling up the DagBag from /opt/airflow/dags/schedule_preset.py","logger":"airflow.dag_processing.dagbag.BundleDagBag","filename":"dagbag.py","lineno":460}
{"timestamp":"2026-09-22T06:17:47.629345Z","level":"info","event":"Filling up the DagBag from /opt/airflow/dags/schedule_preset.py","logger":"airflow.dag_processing.dagbag.BundleDagBag","filename":"dagbag.py","lineno":460}
{"timestamp":"2026-09-22T06:18:18.854712Z","level":"info","event":"Filling up the DagBag from /opt/airflow/dags/schedule_preset.py","logger":"airflow.dag_processing.dagbag.BundleDagBag","filename":"dagbag.py","lineno":460}
{"timestamp":"2026-09-22T06:18:49.414276Z","level":"info","event":"Filling up the DagBag from /opt/airflow/dags/schedule_preset.py","logger":"airflow.dag_processing.dagbag.BundleDagBag","filename":"dagbag.py","lineno":460}
{"timestamp":"2026-09-22T06:19:19.876572Z","level":"info","event":"Filling up the DagBag from /opt/airflow/dags/schedule_preset.py","logger":"airflow.dag_processing.dagbag.BundleDagBag","filename":"dagbag.py","lineno":460}
{"timestamp":"2026-09-22T06:19:50.598097Z","level":"info","event":"Filling up the DagBag from /opt/airflow/dags/schedule_preset.py","logger":"airflow.dag_processing.dagbag.BundleDagBag","filename":"dagbag.py","lineno":460}
{"timestamp":"2026-09-22T06:20:21.051215Z","level":"info","event":"Filling up the DagBag from /opt/airflow/dags/schedule_preset.py","logger":"airflow.dag_processing.dagbag.BundleDagBag","filename":"dagbag.py","lineno":460}
{"timestamp":"2026-09-22T06:20:51.509372Z","level":"info","event":"Filling up the DagBag from /opt/airflow/dags/schedule_preset.py","logger":"airflow.dag_processing.dagbag.BundleDagBag","filename":"dagbag.py","lineno":460}
{"timestamp":"2026-09-22T06:21:21.881759Z","level":"info","event":"Filling up the DagBag from /opt/airflow/dags/schedule_preset.py","logger":"airflow.dag_processing.dagbag.BundleDagBag","filename":"dagbag.py","lineno":460}
{"timestamp":"2026-09-22T06:21:52.419022Z","level":"info","event":"Filling up the DagBag from /opt/airflow/dags/schedule_preset.py","logger":"airflow.dag_processing.dagbag.BundleDagBag","filename":"dagbag.py","lineno":460}
{"timestamp":"2026-09-22T06:22:23.718561Z","level":"info","event":"Filling up the DagBag from /opt/airflow/dags/schedule_preset.py","logger":"airflow.dag_processing.dagbag.BundleDagBag","filename":"dagbag.py","lineno":460}
{"timestamp":"2026-09-22T06:22:54.719610Z","level":"info","event":"Filling up the DagBag from /opt/airflow/dags/schedule_preset.py","logger":"airflow.dag_processing.dagbag.BundleDagBag","filename":"dagbag.py","lineno":460}
{"timestamp":"2026-09-22T06:23:25.560674Z","level":"info","event":"Filling up the DagBag from /opt/airflow/dags/schedule_preset.py","logger":"airflow.dag_processing.dagbag.BundleDagBag","filename":"dagbag.py","lineno":460}
{"timestamp":"2026-09-22T06:23:56.288288Z","level":"info","event":"Filling up the DagBag from /opt/airflow/dags/schedule_preset.py","logger":"airflow.dag_processing.dagbag.BundleDagBag","filename":"dagbag.py","lineno":460}
{"timestamp":"2026-09-22T06:24:27.456810Z","level":"info","event":"Filling up the DagBag from /opt/airflow/dags/schedule_preset.py","logger":"airflow.dag_processing.dagbag.BundleDagBag","filename":"dagbag.py","lineno":460}
{"timestamp":"2026-09-22T06:24:58.277354Z","level":"info","event":"Filling up the DagBag from /opt/airflow/dags/schedule_preset.py","logger":"airflow.dag_processing.dagbag.BundleDagBag","filename":"dagbag.py","lineno":460}
{"timestamp":"2026-09-22T06:25:28.744592Z","level":"info","event":"Filling up the DagBag from /opt/airflow/dags/schedule_preset.py","logger":"airflow.dag_processing.dagbag.BundleDagBag","filename":"dagbag.py","lineno":460}
{"timestamp":"2026-09-22T06:25:59.021764Z","level":"info","event":"Filling up the DagBag from /opt/airflow/dags/schedule_preset.py","logger":"airflow.dag_processing.dagbag.BundleDagBag","filename":"dagbag.py","lineno":460}
{"timestamp":"2026-09-22T06:26:29.390026Z","level":"info","event":"Filling up the DagBag from /opt/airflow/dags/schedule_preset.py","logger":"airflow.dag_processing.dagbag.BundleDagBag","filename":"dagbag.py","lineno":460}
{"timestamp":"2026-09-22T06:26:59.790341Z","level":"info","event":"Filling up the DagBag from /opt/airflow/dags/schedule_preset.py","logger":"airflow.dag_processing.dagbag.BundleDagBag","filename":"dagbag.py","lineno":460}
{"timestamp":"2026-09-22T06:27:30.301241Z","level":"info","event":"Filling up the DagBag from /opt/airflow/dags/schedule_preset.py","logger":"airflow.dag_processing.dagbag.BundleDagBag","filename":"dagbag.py","lineno":460}
{"timestamp":"2026-09-22T06:28:00.966718Z","level":"info","event":"Filling up the DagBag from /opt/airflow/dags/schedule_preset.py","logger":"airflow.dag_processing.dagbag.BundleDagBag","filename":"dagbag.py","lineno":460}
{"timestamp":"2026-09-22T06:28:31.369312Z","level":"info","event":"Filling up the DagBag from /opt/airflow/dags/schedule_preset.py","logger":"airflow.dag_processing.dagbag.BundleDagBag","filename":"dagbag.py","lineno":460}
{"timestamp":"2026-09-22T06:29:01.855889Z","level":"info","event":"Filling up the DagBag from /opt/airflow/dags/schedule_preset.py","logger":"airflow.dag_processing.dagbag.BundleDagBag","filename":"dagbag.py","lineno":460}
{"timestamp":"2026-09-22T06:29:32.433021Z","level":"info","event":"Filling up the DagBag from /opt/airflow/dags/schedule_preset.py","logger":"airflow.dag_processing.dagbag.BundleDagBag","filename":"dagbag.py","lineno":460}
{"timestamp":"2026-09-22T06:30:03.197695Z","level":"info","event":"Filling up the DagBag from /opt/airflow/dags/schedule_preset.py","logger":"airflow.dag_processing.dagbag.BundleDagBag","filename":"dagbag.py","lineno":460}
{"timestamp":"2026-09-22T06:30:33.694431Z","level":"info","event":"Filling up the DagBag from /opt/airflow/dags/schedule_preset.py","logger":"airflow.dag_processing.dagbag.BundleDagBag","filename":"dagbag.py","lineno":460}
{"timestamp":"2026-09-22T06:31:04.512919Z","level":"info","event":"Filling up the DagBag from /opt/airflow/dags/schedule_preset.py","logger":"airflow.dag_processing.dagbag.BundleDagBag","filename":"dagbag.py","lineno":460}
{"timestamp":"2026-09-22T06:31:35.041038Z","level":"info","event":"Filling up the DagBag from /opt/airflow/dags/schedule_preset.py","logger":"airflow.dag_processing.dagbag.BundleDagBag","filename":"dagbag.py","lineno":460}
{"timestamp":"2026-09-22T06:32:05.520748Z","level":"info","event":"Filling up the DagBag from /opt/airflow/dags/schedule_preset.py","logger":"airflow.dag_processing.dagbag.BundleDagBag","filename":"dagbag.py","lineno":460}
{"timestamp":"2026-09-22T06:32:36.337030Z","level":"info","event":"Filling up the DagBag from /opt/airflow/dags/schedule_preset.py","logger":"airflow.dag_processing.dagbag.BundleDagBag","filename":"dagbag.py","lineno":460}
{"timestamp":"2026-09-22T06:33:06.895589Z","level":"info","event":"Filling up the DagBag from /opt/airflow/dags/schedule_preset.py","logger":"airflow.dag_processing.dagbag.BundleDagBag","filename":"dagbag.py","lineno":460}
{"timestamp":"2026-09-22T06:33:37.282697Z","level":"info","event":"Filling up the DagBag from /opt/airflow/dags/schedule_preset.py","logger":"airflow.dag_processing.dagbag.BundleDagBag","filename":"dagbag.py","lineno":460}
{"timestamp":"2026-09-22T06:34:08.228009Z","level":"info","event":"Filling up the DagBag from /opt/airflow/dags/schedule_preset.py","logger":"airflow.dag_processing.dagbag.BundleDagBag","filename":"dagbag.py","lineno":460}
{"timestamp":"2026-09-22T06:34:39.249685Z","level":"info","event":"Filling up the DagBag from /opt/airflow/dags/schedule_preset.py","logger":"airflow.dag_processing.dagbag.BundleDagBag","filename":"dagbag.py","lineno":460}
{"timestamp":"2026-09-22T06:35:09.922426Z","level":"info","event":"Filling up the DagBag from /opt/airflow/dags/schedule_preset.py","logger":"airflow.dag_processing.dagbag.BundleDagBag","filename":"dagbag.py","lineno":460}
{"timestamp":"2026-09-22T06:35:40.725202Z","level":"info","event":"Filling up the DagBag from /opt/airflow/dags/schedule_preset.py","logger":"airflow.dag_processing.dagbag.BundleDagBag","filename":"dagbag.py","lineno":460}
{"timestamp":"2026-09-22T06:36:11.321450Z","level":"info","event":"Filling up the DagBag from /opt/airflow/dags/schedule_preset.py","logger":"airflow.dag_processing.dagbag.BundleDagBag","filename":"dagbag.py","lineno":460}
{"timestamp":"2026-09-22T06:36:42.063963Z","level":"info","event":"Filling up the DagBag from /opt/airflow/dags/schedule_preset.py","logger":"airflow.dag_processing.dagbag.BundleDagBag","filename":"dagbag.py","lineno":460}
{"timestamp":"2026-09-22T06:37:12.545501Z","level":"info","event":"Filling up the DagBag from /opt/airflow/dags/schedule_preset.py","logger":"airflow.dag_processing.dagbag.BundleDagBag","filename":"dagbag.py","lineno":460}
{"timestamp":"2026-09-22T06:37:42.896169Z","level":"info","event":"Filling up the DagBag from /opt/airflow/dags/schedule_preset.py","logger":"airflow.dag_processing.dagbag.BundleDagBag","filename":"dagbag.py","lineno":460}
{"timestamp":"2026-09-22T06:38:13.500128Z","level":"info","event":"Filling up the DagBag from /opt/airflow/dags/schedule_preset.py","logger":"airflow.dag_processing.dagbag.BundleDagBag","filename":"dagbag.py","lineno":460}
{"timestamp":"2026-09-22T06:38:44.026808Z","level":"info","event":"Filling up the DagBag from /opt/airflow/dags/schedule_preset.py","logger":"airflow.dag_processing.dagbag.BundleDagBag","filename":"dagbag.py","lineno":460}
{"timestamp":"2026-09-22T06:39:14.654366Z","level":"info","event":"Filling up the DagBag from /opt/airflow/dags/schedule_preset.py","logger":"airflow.dag_processing.dagbag.BundleDagBag","filename":"dagbag.py","lineno":460}
{"timestamp":"2026-09-22T06:39:45.392738Z","level":"info","event":"Filling up the DagBag from /opt/airflow/dags/schedule_preset.py","logger":"airflow.dag_processing.dagbag.BundleDagBag","filename":"dagbag.py","lineno":460}
{"timestamp":"2026-09-22T06:40:15.949879Z","level":"info","event":"Filling up the DagBag from /opt/airflow/dags/schedule_preset.py","logger":"airflow.dag_processing.dagbag.BundleDagBag","filename":"dagbag.py","lineno":460}
{"timestamp":"2026-09-22T06:40:46.686779Z","level":"info","event":"Filling up the DagBag from /opt/airflow/dags/schedule_preset.py","logger":"airflow.dag_processing.dagbag.BundleDagBag","filename":"dagbag.py","lineno":460}
{"timestamp":"2026-09-22T06:41:17.047427Z","level":"info","event":"Filling up the DagBag from /opt/airflow/dags/schedule_preset.py","logger":"airflow.dag_processing.dagbag.BundleDagBag","filename":"dagbag.py","lineno":460}
{"timestamp":"2026-09-22T06:41:47.900427Z","level":"info","event":"Filling up the DagBag from /opt/airflow/dags/schedule_preset.py","logger":"airflow.dag_processing.dagbag.BundleDagBag","filename":"dagbag.py","lineno":460}
{"timestamp":"2026-09-22T06:42:18.228024Z","level":"info","event":"Filling up the DagBag from /opt/airflow/dags/schedule_preset.py","logger":"airflow.dag_processing.dagbag.BundleDagBag","filename":"dagbag.py","lineno":460}
{"timestamp":"2026-09-22T06:42:48.732925Z","level":"info","event":"Filling up the DagBag from /opt/airflow/dags/schedule_preset.py","logger":"airflow.dag_processing.dagbag.BundleDagBag","filename":"dagbag.py","lineno":460}
{"timestamp":"2026-09-22T06:43:19.811658Z","level":"info","event":"Filling up the DagBag from /opt/airflow/dags/schedule_preset.py","logger":"airflow.dag_processing.dagbag.BundleDagBag","filename":"dagbag.py","lineno":460}
{"timestamp":"2026-09-22T06:43:50.556078Z","level":"info","event":"Filling up the DagBag from /opt/airflow/dags/schedule_preset.py","logger":"airflow.dag_processing.dagbag.BundleDagBag","filename":"dagbag.py","lineno":460}
{"timestamp":"2026-09-22T06:44:21.426373Z","level":"info","event":"Filling up the DagBag from /opt/airflow/dags/schedule_preset.py","logger":"airflow.dag_processing.dagbag.BundleDagBag","filename":"dagbag.py","lineno":460}
{"timestamp":"2026-09-22T06:44:52.387031Z","level":"info","event":"Filling up the DagBag from /opt/airflow/dags/schedule_preset.py","logger":"airflow.dag_processing.dagbag.BundleDagBag","filename":"dagbag.py","lineno":460}
{"timestamp":"2026-09-22T06:45:23.255707Z","level":"info","event":"Filling up the DagBag from /opt/airflow/dags/schedule_preset.py","logger":"airflow.dag_processing.dagbag.BundleDagBag","filename":"dagbag.py","lineno":460}
{"timestamp":"2026-09-22T06:45:54.169163Z","level":"info","event":"Filling up the DagBag from /opt/airflow/dags/schedule_preset.py","logger":"airflow.dag_processing.dagbag.BundleDagBag","filename":"dagbag.py","lineno":460}
{"timestamp":"2026-09-22T06:46:24.562659Z","level":"info","event":"Filling up the DagBag from /opt/airflow/dags/schedule_preset.py","logger":"airflow.dag_processing.dagbag.BundleDagBag","filename":"dagbag.py","lineno":460}
{"timestamp":"2026-09-22T06:46:55.630395Z","level":"info","event":"Filling up the DagBag from /opt/airflow/dags/schedule_preset.py","logger":"airflow.dag_processing.dagbag.BundleDagBag","filename":"dagbag.py","lineno":460}
{"timestamp":"2026-09-22T06:47:26.058904Z","level":"info","event":"Filling up the DagBag from /opt/airflow/dags/schedule_preset.py","logger":"airflow.dag_processing.dagbag.BundleDagBag","filename":"dagbag.py","lineno":460}
{"timestamp":"2026-09-22T06:47:57.261060Z","level":"info","event":"Filling up the DagBag from /opt/airflow/dags/schedule_preset.py","logger":"airflow.dag_processing.dagbag.BundleDagBag","filename":"dagbag.py","lineno":460}
{"timestamp":"2026-09-22T06:48:28.150986Z","level":"info","event":"Filling up the DagBag from /opt/airflow/dags/schedule_preset.py","logger":"airflow.dag_processing.dagbag.BundleDagBag","filename":"dagbag.py","lineno":460}
{"timestamp":"2026-09-22T06:48:59.063388Z","level":"info","event":"Filling up the DagBag from /opt/airflow/dags/schedule_preset.py","logger":"airflow.dag_processing.dagbag.BundleDagBag","filename":"dagbag.py","lineno":460}
{"timestamp":"2026-09-22T06:49:29.983157Z","level":"info","event":"Filling up the DagBag from /opt/airflow/dags/schedule_preset.py","logger":"airflow.dag_processing.dagbag.BundleDagBag","filename":"dagbag.py","lineno":460}
{"timestamp":"2026-09-22T06:50:00.893697Z","level":"info","event":"Filling up the DagBag from /opt/airflow/dags/schedule_preset.py","logger":"airflow.dag_processing.dagbag.BundleDagBag","filename":"dagbag.py","lineno":460}
{"timestamp":"2026-09-22T06:50:31.831289Z","level":"info","event":"Filling up the DagBag from /opt/airflow/dags/schedule_preset.py","logger":"airflow.dag_processing.dagbag.BundleDagBag","filename":"dagbag.py","lineno":460}
{"timestamp":"2026-09-22T06:51:02.733221Z","level":"info","event":"Filling up the DagBag from /opt/airflow/dags/schedule_preset.py","logger":"airflow.dag_processing.dagbag.BundleDagBag","filename":"dagbag.py","lineno":460}
{"timestamp":"2026-09-22T06:51:33.671907Z","level":"info","event":"Filling up the DagBag from /opt/airflow/dags/schedule_preset.py","logger":"airflow.dag_processing.dagbag.BundleDagBag","filename":"dagbag.py","lineno":460}
{"timestamp":"2026-09-22T06:52:04.471729Z","level":"info","event":"Filling up the DagBag from /opt/airflow/dags/schedule_preset.py","logger":"airflow.dag_processing.dagbag.BundleDagBag","filename":"dagbag.py","lineno":460}
{"timestamp":"2026-09-22T06:52:35.348679Z","level":"info","event":"Filling up the DagBag from /opt/airflow/dags/schedule_preset.py","logger":"airflow.dag_processing.dagbag.BundleDagBag","filename":"dagbag.py","lineno":460}
{"timestamp":"2026-09-22T06:53:06.168675Z","level":"info","event":"Filling up the DagBag from /opt/airflow/dags/schedule_preset.py","logger":"airflow.dag_processing.dagbag.BundleDagBag","filename":"dagbag.py","lineno":460}
{"timestamp":"2026-09-22T06:53:36.580450Z","level":"info","event":"Filling up the DagBag from /opt/airflow/dags/schedule_preset.py","logger":"airflow.dag_processing.dagbag.BundleDagBag","filename":"dagbag.py","lineno":460}
{"timestamp":"2026-09-22T06:54:07.378501Z","level":"info","event":"Filling up the DagBag from /opt/airflow/dags/schedule_preset.py","logger":"airflow.dag_processing.dagbag.BundleDagBag","filename":"dagbag.py","lineno":460}
{"timestamp":"2026-09-22T06:54:38.082005Z","level":"info","event":"Filling up the DagBag from /opt/airflow/dags/schedule_preset.py","logger":"airflow.dag_processing.dagbag.BundleDagBag","filename":"dagbag.py","lineno":460}
{"timestamp":"2026-09-22T06:55:08.596881Z","level":"info","event":"Filling up the DagBag from /opt/airflow/dags/schedule_preset.py","logger":"airflow.dag_processing.dagbag.BundleDagBag","filename":"dagbag.py","lineno":460}
{"timestamp":"2026-09-22T06:55:39.204869Z","level":"info","event":"Filling up the DagBag from /opt/airflow/dags/schedule_preset.py","logger":"airflow.dag_processing.dagbag.BundleDagBag","filename":"dagbag.py","lineno":460}
{"timestamp":"2026-09-22T06:56:35.360014Z","level":"info","event":"Filling up the DagBag from /opt/airflow/dags/schedule_preset.py","logger":"airflow.dag_processing.dagbag.BundleDagBag","filename":"dagbag.py","lineno":460}
{"timestamp":"2026-09-22T06:57:06.403093Z","level":"info","event":"Filling up the DagBag from /opt/airflow/dags/schedule_preset.py","logger":"airflow.dag_processing.dagbag.BundleDagBag","filename":"dagbag.py","lineno":460}
{"timestamp":"2026-09-22T06:57:36.742242Z","level":"info","event":"Filling up the DagBag from /opt/airflow/dags/schedule_preset.py","logger":"airflow.dag_processing.dagbag.BundleDagBag","filename":"dagbag.py","lineno":460}
{"timestamp":"2026-09-22T06:58:07.868308Z","level":"info","event":"Filling up the DagBag from /opt/airflow/dags/schedule_preset.py","logger":"airflow.dag_processing.dagbag.BundleDagBag","filename":"dagbag.py","lineno":460}
{"timestamp":"2026-09-22T06:58:38.703438Z","level":"info","event":"Filling up the DagBag from /opt/airflow/dags/schedule_preset.py","logger":"airflow.dag_processing.dagbag.BundleDagBag","filename":"dagbag.py","lineno":460}
{"timestamp":"2026-09-22T06:59:09.644421Z","level":"info","event":"Filling up the DagBag from /opt/airflow/dags/schedule_preset.py","logger":"airflow.dag_processing.dagbag.BundleDagBag","filename":"dagbag.py","lineno":460}
{"timestamp":"2026-09-22T06:59:39.966348Z","level":"info","event":"Filling up the DagBag from /opt/airflow/dags/schedule_preset.py","logger":"airflow.dag_processing.dagbag.BundleDagBag","filename":"dagbag.py","lineno":460}
{"timestamp":"2026-09-22T07:00:10.295144Z","level":"info","event":"Filling up the DagBag from /opt/airflow/dags/schedule_preset.py","logger":"airflow.dag_processing.dagbag.BundleDagBag","filename":"dagbag.py","lineno":460}
{"timestamp":"2026-09-22T07:00:40.959098Z","level":"info","event":"Filling up the DagBag from /opt/airflow/dags/schedule_preset.py","logger":"airflow.dag_processing.dagbag.BundleDagBag","filename":"dagbag.py","lineno":460}
{"timestamp":"2026-09-22T07:01:11.495586Z","level":"info","event":"Filling up the DagBag from /opt/airflow/dags/schedule_preset.py","logger":"airflow.dag_processing.dagbag.BundleDagBag","filename":"dagbag.py","lineno":460}
{"timestamp":"2026-09-22T07:01:47.219804Z","level":"info","event":"Filling up the DagBag from /opt/airflow/dags/schedule_preset.py","logger":"airflow.dag_processing.dagbag.BundleDagBag","filename":"dagbag.py","lineno":460}
{"timestamp":"2026-09-22T08:27:02.630144Z","level":"info","event":"Filling up the DagBag from /opt/airflow/dags/schedule_preset.py","logger":"airflow.dag_processing.dagbag.BundleDagBag","filename":"dagbag.py","lineno":460}
{"timestamp":"2026-09-22T08:27:38.070969Z","level":"info","event":"Filling up the DagBag from /opt/airflow/dags/schedule_preset.py","logger":"airflow.dag_processing.dagbag.BundleDagBag","filename":"dagbag.py","lineno":460}
{"timestamp":"2026-09-22T08:28:09.659568Z","level":"info","event":"Filling up the DagBag from /opt/airflow/dags/schedule_preset.py","logger":"airflow.dag_processing.dagbag.BundleDagBag","filename":"dagbag.py","lineno":460}
{"timestamp":"2026-09-22T08:28:40.146628Z","level":"info","event":"Filling up the DagBag from /opt/airflow/dags/schedule_preset.py","logger":"airflow.dag_processing.dagbag.BundleDagBag","filename":"dagbag.py","lineno":460}
{"timestamp":"2026-09-22T08:29:11.330136Z","level":"info","event":"Filling up the DagBag from /opt/airflow/dags/schedule_preset.py","logger":"airflow.dag_processing.dagbag.BundleDagBag","filename":"dagbag.py","lineno":460}
{"timestamp":"2026-09-22T08:29:42.363926Z","level":"info","event":"Filling up the DagBag from /opt/airflow/dags/schedule_preset.py","logger":"airflow.dag_processing.dagbag.BundleDagBag","filename":"dagbag.py","lineno":460}
{"timestamp":"2026-09-22T08:30:12.958094Z","level":"info","event":"Filling up the DagBag from /opt/airflow/dags/schedule_preset.py","logger":"airflow.dag_processing.dagbag.BundleDagBag","filename":"dagbag.py","lineno":460}
{"timestamp":"2026-09-22T08:30:43.277266Z","level":"info","event":"Filling up the DagBag from /opt/airflow/dags/schedule_preset.py","logger":"airflow.dag_processing.dagbag.BundleDagBag","filename":"dagbag.py","lineno":460}
{"timestamp":"2026-09-22T08:31:13.862406Z","level":"info","event":"Filling up the DagBag from /opt/airflow/dags/schedule_preset.py","logger":"airflow.dag_processing.dagbag.BundleDagBag","filename":"dagbag.py","lineno":460}
{"timestamp":"2026-09-22T08:31:44.168262Z","level":"info","event":"Filling up the DagBag from /opt/airflow/dags/schedule_preset.py","logger":"airflow.dag_processing.dagbag.BundleDagBag","filename":"dagbag.py","lineno":460}
{"timestamp":"2026-09-22T08:32:14.879071Z","level":"info","event":"Filling up the DagBag from /opt/airflow/dags/schedule_preset.py","logger":"airflow.dag_processing.dagbag.BundleDagBag","filename":"dagbag.py","lineno":460}
{"timestamp":"2026-09-22T08:32:45.873345Z","level":"info","event":"Filling up the DagBag from /opt/airflow/dags/schedule_preset.py","logger":"airflow.dag_processing.dagbag.BundleDagBag","filename":"dagbag.py","lineno":460}
{"timestamp":"2026-09-22T08:33:16.750557Z","level":"info","event":"Filling up the DagBag from /opt/airflow/dags/schedule_preset.py","logger":"airflow.dag_processing.dagbag.BundleDagBag","filename":"dagbag.py","lineno":460}
{"timestamp":"2026-09-22T08:33:47.377892Z","level":"info","event":"Filling up the DagBag from /opt/airflow/dags/schedule_preset.py","logger":"airflow.dag_processing.dagbag.BundleDagBag","filename":"dagbag.py","lineno":460}
{"timestamp":"2026-09-22T08:34:18.310820Z","level":"info","event":"Filling up the DagBag from /opt/airflow/dags/schedule_preset.py","logger":"airflow.dag_processing.dagbag.BundleDagBag","filename":"dagbag.py","lineno":460}
{"timestamp":"2026-09-22T08:34:48.849871Z","level":"info","event":"Filling up the DagBag from /opt/airflow/dags/schedule_preset.py","logger":"airflow.dag_processing.dagbag.BundleDagBag","filename":"dagbag.py","lineno":460}
{"timestamp":"2026-09-22T08:35:19.396909Z","level":"info","event":"Filling up the DagBag from /opt/airflow/dags/schedule_preset.py","logger":"airflow.dag_processing.dagbag.BundleDagBag","filename":"dagbag.py","lineno":460}
{"timestamp":"2026-09-22T08:35:50.340375Z","level":"info","event":"Filling up the DagBag from /opt/airflow/dags/schedule_preset.py","logger":"airflow.dag_processing.dagbag.BundleDagBag","filename":"dagbag.py","lineno":460}
{"timestamp":"2026-09-22T08:36:20.584161Z","level":"info","event":"Filling up the DagBag from /opt/airflow/dags/schedule_preset.py","logger":"airflow.dag_processing.dagbag.BundleDagBag","filename":"dagbag.py","lineno":460}
{"timestamp":"2026-09-22T08:36:51.294287Z","level":"info","event":"Filling up the DagBag from /opt/airflow/dags/schedule_preset.py","logger":"airflow.dag_processing.dagbag.BundleDagBag","filename":"dagbag.py","lineno":460}
{"timestamp":"2026-09-22T08:37:21.659754Z","level":"info","event":"Filling up the DagBag from /opt/airflow/dags/schedule_preset.py","logger":"airflow.dag_processing.dagbag.BundleDagBag","filename":"dagbag.py","lineno":460}
{"timestamp":"2026-09-22T08:37:52.769756Z","level":"info","event":"Filling up the DagBag from /opt/airflow/dags/schedule_preset.py","logger":"airflow.dag_processing.dagbag.BundleDagBag","filename":"dagbag.py","lineno":460}
{"timestamp":"2026-09-22T08:38:23.793450Z","level":"info","event":"Filling up the DagBag from /opt/airflow/dags/schedule_preset.py","logger":"airflow.dag_processing.dagbag.BundleDagBag","filename":"dagbag.py","lineno":460}
{"timestamp":"2026-09-22T08:38:54.112154Z","level":"info","event":"Filling up the DagBag from /opt/airflow/dags/schedule_preset.py","logger":"airflow.dag_processing.dagbag.BundleDagBag","filename":"dagbag.py","lineno":460}
{"timestamp":"2026-09-22T08:39:25.170135Z","level":"info","event":"Filling up the DagBag from /opt/airflow/dags/schedule_preset.py","logger":"airflow.dag_processing.dagbag.BundleDagBag","filename":"dagbag.py","lineno":460}
{"timestamp":"2026-09-22T08:39:56.008014Z","level":"info","event":"Filling up the DagBag from /opt/airflow/dags/schedule_preset.py","logger":"airflow.dag_processing.dagbag.BundleDagBag","filename":"dagbag.py","lineno":460}
{"timestamp":"2026-09-22T08:40:26.786791Z","level":"info","event":"Filling up the DagBag from /opt/airflow/dags/schedule_preset.py","logger":"airflow.dag_processing.dagbag.BundleDagBag","filename":"dagbag.py","lineno":460}
{"timestamp":"2026-09-22T08:40:57.541144Z","level":"info","event":"Filling up the DagBag from /opt/airflow/dags/schedule_preset.py","logger":"airflow.dag_processing.dagbag.BundleDagBag","filename":"dagbag.py","lineno":460}
{"timestamp":"2026-09-22T08:41:28.127556Z","level":"info","event":"Filling up the DagBag from /opt/airflow/dags/schedule_preset.py","logger":"airflow.dag_processing.dagbag.BundleDagBag","filename":"dagbag.py","lineno":460}
{"timestamp":"2026-09-22T08:41:58.503463Z","level":"info","event":"Filling up the DagBag from /opt/airflow/dags/schedule_preset.py","logger":"airflow.dag_processing.dagbag.BundleDagBag","filename":"dagbag.py","lineno":460}
{"timestamp":"2026-09-22T08:42:29.010077Z","level":"info","event":"Filling up the DagBag from /opt/airflow/dags/schedule_preset.py","logger":"airflow.dag_processing.dagbag.BundleDagBag","filename":"dagbag.py","lineno":460}
{"timestamp":"2026-09-22T08:42:59.489337Z","level":"info","event":"Filling up the DagBag from /opt/airflow/dags/schedule_preset.py","logger":"airflow.dag_processing.dagbag.BundleDagBag","filename":"dagbag.py","lineno":460}
{"timestamp":"2026-09-22T08:43:30.493863Z","level":"info","event":"Filling up the DagBag from /opt/airflow/dags/schedule_preset.py","logger":"airflow.dag_processing.dagbag.BundleDagBag","filename":"dagbag.py","lineno":460}
{"timestamp":"2026-09-22T08:44:01.453957Z","level":"info","event":"Filling up the DagBag from /opt/airflow/dags/schedule_preset.py","logger":"airflow.dag_processing.dagbag.BundleDagBag","filename":"dagbag.py","lineno":460}
{"timestamp":"2026-09-22T08:44:32.361412Z","level":"info","event":"Filling up the DagBag from /opt/airflow/dags/schedule_preset.py","logger":"airflow.dag_processing.dagbag.BundleDagBag","filename":"dagbag.py","lineno":460}
{"timestamp":"2026-09-22T08:45:02.851998Z","level":"info","event":"Filling up the DagBag from /opt/airflow/dags/schedule_preset.py","logger":"airflow.dag_processing.dagbag.BundleDagBag","filename":"dagbag.py","lineno":460}
{"timestamp":"2026-09-22T08:45:33.724296Z","level":"info","event":"Filling up the DagBag from /opt/airflow/dags/schedule_preset.py","logger":"airflow.dag_processing.dagbag.BundleDagBag","filename":"dagbag.py","lineno":460}
{"timestamp":"2026-09-22T08:46:04.696870Z","level":"info","event":"Filling up the DagBag from /opt/airflow/dags/schedule_preset.py","logger":"airflow.dag_processing.dagbag.BundleDagBag","filename":"dagbag.py","lineno":460}
{"timestamp":"2026-09-22T08:46:34.989545Z","level":"info","event":"Filling up the DagBag from /opt/airflow/dags/schedule_preset.py","logger":"airflow.dag_processing.dagbag.BundleDagBag","filename":"dagbag.py","lineno":460}
{"timestamp":"2026-09-22T08:47:06.132798Z","level":"info","event":"Filling up the DagBag from /opt/airflow/dags/schedule_preset.py","logger":"airflow.dag_processing.dagbag.BundleDagBag","filename":"dagbag.py","lineno":460}
{"timestamp":"2026-09-22T08:47:36.792696Z","level":"info","event":"Filling up the DagBag from /opt/airflow/dags/schedule_preset.py","logger":"airflow.dag_processing.dagbag.BundleDagBag","filename":"dagbag.py","lineno":460}
{"timestamp":"2026-09-22T08:48:07.999844Z","level":"info","event":"Filling up the DagBag from /opt/airflow/dags/schedule_preset.py","logger":"airflow.dag_processing.dagbag.BundleDagBag","filename":"dagbag.py","lineno":460}
{"timestamp":"2026-09-22T08:48:38.377093Z","level":"info","event":"Filling up the DagBag from /opt/airflow/dags/schedule_preset.py","logger":"airflow.dag_processing.dagbag.BundleDagBag","filename":"dagbag.py","lineno":460}
{"timestamp":"2026-09-22T08:49:09.114089Z","level":"info","event":"Filling up the DagBag from /opt/airflow/dags/schedule_preset.py","logger":"airflow.dag_processing.dagbag.BundleDagBag","filename":"dagbag.py","lineno":460}
{"timestamp":"2026-09-22T08:49:39.601202Z","level":"info","event":"Filling up the DagBag from /opt/airflow/dags/schedule_preset.py","logger":"airflow.dag_processing.dagbag.BundleDagBag","filename":"dagbag.py","lineno":460}
{"timestamp":"2026-09-22T08:50:10.464223Z","level":"info","event":"Filling up the DagBag from /opt/airflow/dags/schedule_preset.py","logger":"airflow.dag_processing.dagbag.BundleDagBag","filename":"dagbag.py","lineno":460}
{"timestamp":"2026-09-22T08:50:40.904757Z","level":"info","event":"Filling up the DagBag from /opt/airflow/dags/schedule_preset.py","logger":"airflow.dag_processing.dagbag.BundleDagBag","filename":"dagbag.py","lineno":460}
{"timestamp":"2026-09-22T08:51:11.210370Z","level":"info","event":"Filling up the DagBag from /opt/airflow/dags/schedule_preset.py","logger":"airflow.dag_processing.dagbag.BundleDagBag","filename":"dagbag.py","lineno":460}
{"timestamp":"2026-09-22T08:51:41.730487Z","level":"info","event":"Filling up the DagBag from /opt/airflow/dags/schedule_preset.py","logger":"airflow.dag_processing.dagbag.BundleDagBag","filename":"dagbag.py","lineno":460}
{"timestamp":"2026-09-22T08:52:11.978544Z","level":"info","event":"Filling up the DagBag from /opt/airflow/dags/schedule_preset.py","logger":"airflow.dag_processing.dagbag.BundleDagBag","filename":"dagbag.py","lineno":460}
{"timestamp":"2026-09-22T08:52:42.327060Z","level":"info","event":"Filling up the DagBag from /opt/airflow/dags/schedule_preset.py","logger":"airflow.dag_processing.dagbag.BundleDagBag","filename":"dagbag.py","lineno":460}
{"timestamp":"2026-09-22T08:53:12.928353Z","level":"info","event":"Filling up the DagBag from /opt/airflow/dags/schedule_preset.py","logger":"airflow.dag_processing.dagbag.BundleDagBag","filename":"dagbag.py","lineno":460}
{"timestamp":"2026-09-22T08:53:43.885762Z","level":"info","event":"Filling up the DagBag from /opt/airflow/dags/schedule_preset.py","logger":"airflow.dag_processing.dagbag.BundleDagBag","filename":"dagbag.py","lineno":460}
{"timestamp":"2026-09-22T08:54:14.763668Z","level":"info","event":"Filling up the DagBag from /opt/airflow/dags/schedule_preset.py","logger":"airflow.dag_processing.dagbag.BundleDagBag","filename":"dagbag.py","lineno":460}
{"timestamp":"2026-09-22T08:54:45.276465Z","level":"info","event":"Filling up the DagBag from /opt/airflow/dags/schedule_preset.py","logger":"airflow.dag_processing.dagbag.BundleDagBag","filename":"dagbag.py","lineno":460}
{"timestamp":"2026-09-22T08:55:15.815088Z","level":"info","event":"Filling up the DagBag from /opt/airflow/dags/schedule_preset.py","logger":"airflow.dag_processing.dagbag.BundleDagBag","filename":"dagbag.py","lineno":460}
{"timestamp":"2026-09-22T08:55:46.307863Z","level":"info","event":"Filling up the DagBag from /opt/airflow/dags/schedule_preset.py","logger":"airflow.dag_processing.dagbag.BundleDagBag","filename":"dagbag.py","lineno":460}
{"timestamp":"2026-09-22T08:56:16.748960Z","level":"info","event":"Filling up the DagBag from /opt/airflow/dags/schedule_preset.py","logger":"airflow.dag_processing.dagbag.BundleDagBag","filename":"dagbag.py","lineno":460}
{"timestamp":"2026-09-22T08:56:47.311059Z","level":"info","event":"Filling up the DagBag from /opt/airflow/dags/schedule_preset.py","logger":"airflow.dag_processing.dagbag.BundleDagBag","filename":"dagbag.py","lineno":460}
{"timestamp":"2026-09-22T08:57:17.973182Z","level":"info","event":"Filling up the DagBag from /opt/airflow/dags/schedule_preset.py","logger":"airflow.dag_processing.dagbag.BundleDagBag","filename":"dagbag.py","lineno":460}
{"timestamp":"2026-09-22T08:57:48.501558Z","level":"info","event":"Filling up the DagBag from /opt/airflow/dags/schedule_preset.py","logger":"airflow.dag_processing.dagbag.BundleDagBag","filename":"dagbag.py","lineno":460}
{"timestamp":"2026-09-22T08:58:19.161709Z","level":"info","event":"Filling up the DagBag from /opt/airflow/dags/schedule_preset.py","logger":"airflow.dag_processing.dagbag.BundleDagBag","filename":"dagbag.py","lineno":460}
{"timestamp":"2026-09-22T08:58:49.552679Z","level":"info","event":"Filling up the DagBag from /opt/airflow/dags/schedule_preset.py","logger":"airflow.dag_processing.dagbag.BundleDagBag","filename":"dagbag.py","lineno":460}
{"timestamp":"2026-09-22T08:59:19.884198Z","level":"info","event":"Filling up the DagBag from /opt/airflow/dags/schedule_preset.py","logger":"airflow.dag_processing.dagbag.BundleDagBag","filename":"dagbag.py","lineno":460}
{"timestamp":"2026-09-22T08:59:50.975535Z","level":"info","event":"Filling up the DagBag from /opt/airflow/dags/schedule_preset.py","logger":"airflow.dag_processing.dagbag.BundleDagBag","filename":"dagbag.py","lineno":460}
{"timestamp":"2026-09-22T09:00:21.843074Z","level":"info","event":"Filling up the DagBag from /opt/airflow/dags/schedule_preset.py","logger":"airflow.dag_processing.dagbag.BundleDagBag","filename":"dagbag.py","lineno":460}
{"timestamp":"2026-09-22T09:00:52.980782Z","level":"info","event":"Filling up the DagBag from /opt/airflow/dags/schedule_preset.py","logger":"airflow.dag_processing.dagbag.BundleDagBag","filename":"dagbag.py","lineno":460}
{"timestamp":"2026-09-22T09:01:23.841473Z","level":"info","event":"Filling up the DagBag from /opt/airflow/dags/schedule_preset.py","logger":"airflow.dag_processing.dagbag.BundleDagBag","filename":"dagbag.py","lineno":460}
{"timestamp":"2026-09-22T09:01:54.422677Z","level":"info","event":"Filling up the DagBag from /opt/airflow/dags/schedule_preset.py","logger":"airflow.dag_processing.dagbag.BundleDagBag","filename":"dagbag.py","lineno":460}
{"timestamp":"2026-09-22T09:02:24.870403Z","level":"info","event":"Filling up the DagBag from /opt/airflow/dags/schedule_preset.py","logger":"airflow.dag_processing.dagbag.BundleDagBag","filename":"dagbag.py","lineno":460}
{"timestamp":"2026-09-22T09:02:55.588261Z","level":"info","event":"Filling up the DagBag from /opt/airflow/dags/schedule_preset.py","logger":"airflow.dag_processing.dagbag.BundleDagBag","filename":"dagbag.py","lineno":460}
{"timestamp":"2026-09-22T09:03:26.296932Z","level":"info","event":"Filling up the DagBag from /opt/airflow/dags/schedule_preset.py","logger":"airflow.dag_processing.dagbag.BundleDagBag","filename":"dagbag.py","lineno":460}
{"timestamp":"2026-09-22T09:03:56.695412Z","level":"info","event":"Filling up the DagBag from /opt/airflow/dags/schedule_preset.py","logger":"airflow.dag_processing.dagbag.BundleDagBag","filename":"dagbag.py","lineno":460}
{"timestamp":"2026-09-22T09:04:26.951280Z","level":"info","event":"Filling up the DagBag from /opt/airflow/dags/schedule_preset.py","logger":"airflow.dag_processing.dagbag.BundleDagBag","filename":"dagbag.py","lineno":460}
{"timestamp":"2026-09-22T09:04:57.264540Z","level":"info","event":"Filling up the DagBag from /opt/airflow/dags/schedule_preset.py","logger":"airflow.dag_processing.dagbag.BundleDagBag","filename":"dagbag.py","lineno":460}
{"timestamp":"2026-09-22T09:05:27.874638Z","level":"info","event":"Filling up the DagBag from /opt/airflow/dags/schedule_preset.py","logger":"airflow.dag_processing.dagbag.BundleDagBag","filename":"dagbag.py","lineno":460}
{"timestamp":"2026-09-22T09:05:58.806135Z","level":"info","event":"Filling up the DagBag from /opt/airflow/dags/schedule_preset.py","logger":"airflow.dag_processing.dagbag.BundleDagBag","filename":"dagbag.py","lineno":460}
{"timestamp":"2026-09-22T09:06:29.545591Z","level":"info","event":"Filling up the DagBag from /opt/airflow/dags/schedule_preset.py","logger":"airflow.dag_processing.dagbag.BundleDagBag","filename":"dagbag.py","lineno":460}
{"timestamp":"2026-09-22T09:07:00.438439Z","level":"info","event":"Filling up the DagBag from /opt/airflow/dags/schedule_preset.py","logger":"airflow.dag_processing.dagbag.BundleDagBag","filename":"dagbag.py","lineno":460}
{"timestamp":"2026-09-22T09:07:31.116921Z","level":"info","event":"Filling up the DagBag from /opt/airflow/dags/schedule_preset.py","logger":"airflow.dag_processing.dagbag.BundleDagBag","filename":"dagbag.py","lineno":460}
{"timestamp":"2026-09-22T09:08:01.855165Z","level":"info","event":"Filling up the DagBag from /opt/airflow/dags/schedule_preset.py","logger":"airflow.dag_processing.dagbag.BundleDagBag","filename":"dagbag.py","lineno":460}
{"timestamp":"2026-09-22T09:08:32.488528Z","level":"info","event":"Filling up the DagBag from /opt/airflow/dags/schedule_preset.py","logger":"airflow.dag_processing.dagbag.BundleDagBag","filename":"dagbag.py","lineno":460}
{"timestamp":"2026-09-22T09:09:02.838105Z","level":"info","event":"Filling up the DagBag from /opt/airflow/dags/schedule_preset.py","logger":"airflow.dag_processing.dagbag.BundleDagBag","filename":"dagbag.py","lineno":460}
{"timestamp":"2026-09-22T09:09:34.044853Z","level":"info","event":"Filling up the DagBag from /opt/airflow/dags/schedule_preset.py","logger":"airflow.dag_processing.dagbag.BundleDagBag","filename":"dagbag.py","lineno":460}
{"timestamp":"2026-09-22T09:10:04.463480Z","level":"info","event":"Filling up the DagBag from /opt/airflow/dags/schedule_preset.py","logger":"airflow.dag_processing.dagbag.BundleDagBag","filename":"dagbag.py","lineno":460}
{"timestamp":"2026-09-22T09:10:35.747196Z","level":"info","event":"Filling up the DagBag from /opt/airflow/dags/schedule_preset.py","logger":"airflow.dag_processing.dagbag.BundleDagBag","filename":"dagbag.py","lineno":460}
{"timestamp":"2026-09-22T09:11:06.206378Z","level":"info","event":"Filling up the DagBag from /opt/airflow/dags/schedule_preset.py","logger":"airflow.dag_processing.dagbag.BundleDagBag","filename":"dagbag.py","lineno":460}
{"timestamp":"2026-09-22T09:11:37.199990Z","level":"info","event":"Filling up the DagBag from /opt/airflow/dags/schedule_preset.py","logger":"airflow.dag_processing.dagbag.BundleDagBag","filename":"dagbag.py","lineno":460}
{"timestamp":"2026-09-22T09:12:07.639332Z","level":"info","event":"Filling up the DagBag from /opt/airflow/dags/schedule_preset.py","logger":"airflow.dag_processing.dagbag.BundleDagBag","filename":"dagbag.py","lineno":460}
{"timestamp":"2026-09-22T09:12:38.050159Z","level":"info","event":"Filling up the DagBag from /opt/airflow/dags/schedule_preset.py","logger":"airflow.dag_processing.dagbag.BundleDagBag","filename":"dagbag.py","lineno":460}
{"timestamp":"2026-09-22T09:13:08.643987Z","level":"info","event":"Filling up the DagBag from /opt/airflow/dags/schedule_preset.py","logger":"airflow.dag_processing.dagbag.BundleDagBag","filename":"dagbag.py","lineno":460}
{"timestamp":"2026-09-22T09:13:39.468065Z","level":"info","event":"Filling up the DagBag from /opt/airflow/dags/schedule_preset.py","logger":"airflow.dag_processing.dagbag.BundleDagBag","filename":"dagbag.py","lineno":460}
{"timestamp":"2026-09-22T09:14:09.859164Z","level":"info","event":"Filling up the DagBag from /opt/airflow/dags/schedule_preset.py","logger":"airflow.dag_processing.dagbag.BundleDagBag","filename":"dagbag.py","lineno":460}
{"timestamp":"2026-09-22T09:14:40.353651Z","level":"info","event":"Filling up the DagBag from /opt/airflow/dags/schedule_preset.py","logger":"airflow.dag_processing.dagbag.BundleDagBag","filename":"dagbag.py","lineno":460}
{"timestamp":"2026-09-22T09:15:11.404744Z","level":"info","event":"Filling up the DagBag from /opt/airflow/dags/schedule_preset.py","logger":"airflow.dag_processing.dagbag.BundleDagBag","filename":"dagbag.py","lineno":460}
{"timestamp":"2026-09-22T09:15:42.300152Z","level":"info","event":"Filling up the DagBag from /opt/airflow/dags/schedule_preset.py","logger":"airflow.dag_processing.dagbag.BundleDagBag","filename":"dagbag.py","lineno":460}
{"timestamp":"2026-09-22T09:16:13.266448Z","level":"info","event":"Filling up the DagBag from /opt/airflow/dags/schedule_preset.py","logger":"airflow.dag_processing.dagbag.BundleDagBag","filename":"dagbag.py","lineno":460}
{"timestamp":"2026-09-22T09:16:43.749434Z","level":"info","event":"Filling up the DagBag from /opt/airflow/dags/schedule_preset.py","logger":"airflow.dag_processing.dagbag.BundleDagBag","filename":"dagbag.py","lineno":460}
{"timestamp":"2026-09-22T09:17:14.107957Z","level":"info","event":"Filling up the DagBag from /opt/airflow/dags/schedule_preset.py","logger":"airflow.dag_processing.dagbag.BundleDagBag","filename":"dagbag.py","lineno":460}
{"timestamp":"2026-09-22T09:17:44.662572Z","level":"info","event":"Filling up the DagBag from /opt/airflow/dags/schedule_preset.py","logger":"airflow.dag_processing.dagbag.BundleDagBag","filename":"dagbag.py","lineno":460}
{"timestamp":"2026-09-22T09:18:15.547575Z","level":"info","event":"Filling up the DagBag from /opt/airflow/dags/schedule_preset.py","logger":"airflow.dag_processing.dagbag.BundleDagBag","filename":"dagbag.py","lineno":460}
{"timestamp":"2026-09-22T09:18:46.596163Z","level":"info","event":"Filling up the DagBag from /opt/airflow/dags/schedule_preset.py","logger":"airflow.dag_processing.dagbag.BundleDagBag","filename":"dagbag.py","lineno":460}
{"timestamp":"2026-09-22T09:19:17.409341Z","level":"info","event":"Filling up the DagBag from /opt/airflow/dags/schedule_preset.py","logger":"airflow.dag_processing.dagbag.BundleDagBag","filename":"dagbag.py","lineno":460}
{"timestamp":"2026-09-22T09:19:48.075534Z","level":"info","event":"Filling up the DagBag from /opt/airflow/dags/schedule_preset.py","logger":"airflow.dag_processing.dagbag.BundleDagBag","filename":"dagbag.py","lineno":460}
{"timestamp":"2026-09-22T09:20:18.942427Z","level":"info","event":"Filling up the DagBag from /opt/airflow/dags/schedule_preset.py","logger":"airflow.dag_processing.dagbag.BundleDagBag","filename":"dagbag.py","lineno":460}
{"timestamp":"2026-09-22T09:20:49.697149Z","level":"info","event":"Filling up the DagBag from /opt/airflow/dags/schedule_preset.py","logger":"airflow.dag_processing.dagbag.BundleDagBag","filename":"dagbag.py","lineno":460}
{"timestamp":"2026-09-22T09:21:20.603712Z","level":"info","event":"Filling up the DagBag from /opt/airflow/dags/schedule_preset.py","logger":"airflow.dag_processing.dagbag.BundleDagBag","filename":"dagbag.py","lineno":460}
{"timestamp":"2026-09-22T09:21:51.167236Z","level":"info","event":"Filling up the DagBag from /opt/airflow/dags/schedule_preset.py","logger":"airflow.dag_processing.dagbag.BundleDagBag","filename":"dagbag.py","lineno":460}
{"timestamp":"2026-09-22T09:22:21.434773Z","level":"info","event":"Filling up the DagBag from /opt/airflow/dags/schedule_preset.py","logger":"airflow.dag_processing.dagbag.BundleDagBag","filename":"dagbag.py","lineno":460}
{"timestamp":"2026-09-22T09:22:51.904044Z","level":"info","event":"Filling up the DagBag from /opt/airflow/dags/schedule_preset.py","logger":"airflow.dag_processing.dagbag.BundleDagBag","filename":"dagbag.py","lineno":460}
{"timestamp":"2026-09-22T09:23:22.945973Z","level":"info","event":"Filling up the DagBag from /opt/airflow/dags/schedule_preset.py","logger":"airflow.dag_processing.dagbag.BundleDagBag","filename":"dagbag.py","lineno":460}
{"timestamp":"2026-09-22T09:23:53.384536Z","level":"info","event":"Filling up the DagBag from /opt/airflow/dags/schedule_preset.py","logger":"airflow.dag_processing.dagbag.BundleDagBag","filename":"dagbag.py","lineno":460}
{"timestamp":"2026-09-22T09:24:24.442730Z","level":"info","event":"Filling up the DagBag from /opt/airflow/dags/schedule_preset.py","logger":"airflow.dag_processing.dagbag.BundleDagBag","filename":"dagbag.py","lineno":460}
{"timestamp":"2026-09-22T09:24:54.955042Z","level":"info","event":"Filling up the DagBag from /opt/airflow/dags/schedule_preset.py","logger":"airflow.dag_processing.dagbag.BundleDagBag","filename":"dagbag.py","lineno":460}
{"timestamp":"2026-09-22T09:25:25.365224Z","level":"info","event":"Filling up the DagBag from /opt/airflow/dags/schedule_preset.py","logger":"airflow.dag_processing.dagbag.BundleDagBag","filename":"dagbag.py","lineno":460}
{"timestamp":"2026-09-22T09:25:56.294355Z","level":"info","event":"Filling up the DagBag from /opt/airflow/dags/schedule_preset.py","logger":"airflow.dag_processing.dagbag.BundleDagBag","filename":"dagbag.py","lineno":460}
{"timestamp":"2026-09-22T09:26:27.314842Z","level":"info","event":"Filling up the DagBag from /opt/airflow/dags/schedule_preset.py","logger":"airflow.dag_processing.dagbag.BundleDagBag","filename":"dagbag.py","lineno":460}
{"timestamp":"2026-09-22T09:26:58.314149Z","level":"info","event":"Filling up the DagBag from /opt/airflow/dags/schedule_preset.py","logger":"airflow.dag_processing.dagbag.BundleDagBag","filename":"dagbag.py","lineno":460}
{"timestamp":"2026-09-22T09:27:28.684699Z","level":"info","event":"Filling up the DagBag from /opt/airflow/dags/schedule_preset.py","logger":"airflow.dag_processing.dagbag.BundleDagBag","filename":"dagbag.py","lineno":460}
{"timestamp":"2026-09-22T09:27:59.198692Z","level":"info","event":"Filling up the DagBag from /opt/airflow/dags/schedule_preset.py","logger":"airflow.dag_processing.dagbag.BundleDagBag","filename":"dagbag.py","lineno":460}
{"timestamp":"2026-09-22T09:28:29.556347Z","level":"info","event":"Filling up the DagBag from /opt/airflow/dags/schedule_preset.py","logger":"airflow.dag_processing.dagbag.BundleDagBag","filename":"dagbag.py","lineno":460}
{"timestamp":"2026-09-22T09:29:00.535834Z","level":"info","event":"Filling up the DagBag from /opt/airflow/dags/schedule_preset.py","logger":"airflow.dag_processing.dagbag.BundleDagBag","filename":"dagbag.py","lineno":460}
{"timestamp":"2026-09-22T09:29:30.712291Z","level":"info","event":"Filling up the DagBag from /opt/airflow/dags/schedule_preset.py","logger":"airflow.dag_processing.dagbag.BundleDagBag","filename":"dagbag.py","lineno":460}
{"timestamp":"2026-09-22T09:30:01.631441Z","level":"info","event":"Filling up the DagBag from /opt/airflow/dags/schedule_preset.py","logger":"airflow.dag_processing.dagbag.BundleDagBag","filename":"dagbag.py","lineno":460}
{"timestamp":"2026-09-22T09:30:31.886843Z","level":"info","event":"Filling up the DagBag from /opt/airflow/dags/schedule_preset.py","logger":"airflow.dag_processing.dagbag.BundleDagBag","filename":"dagbag.py","lineno":460}
{"timestamp":"2026-09-22T09:31:02.287927Z","level":"info","event":"Filling up the DagBag from /opt/airflow/dags/schedule_preset.py","logger":"airflow.dag_processing.dagbag.BundleDagBag","filename":"dagbag.py","lineno":460}
{"timestamp":"2026-09-22T09:31:32.506523Z","level":"info","event":"Filling up the DagBag from /opt/airflow/dags/schedule_preset.py","logger":"airflow.dag_processing.dagbag.BundleDagBag","filename":"dagbag.py","lineno":460}
{"timestamp":"2026-09-22T09:32:02.733720Z","level":"info","event":"Filling up the DagBag from /opt/airflow/dags/schedule_preset.py","logger":"airflow.dag_processing.dagbag.BundleDagBag","filename":"dagbag.py","lineno":460}
{"timestamp":"2026-09-22T09:32:33.129866Z","level":"info","event":"Filling up the DagBag from /opt/airflow/dags/schedule_preset.py","logger":"airflow.dag_processing.dagbag.BundleDagBag","filename":"dagbag.py","lineno":460}
{"timestamp":"2026-09-22T09:33:03.331143Z","level":"info","event":"Filling up the DagBag from /opt/airflow/dags/schedule_preset.py","logger":"airflow.dag_processing.dagbag.BundleDagBag","filename":"dagbag.py","lineno":460}
{"timestamp":"2026-09-22T09:33:33.655540Z","level":"info","event":"Filling up the DagBag from /opt/airflow/dags/schedule_preset.py","logger":"airflow.dag_processing.dagbag.BundleDagBag","filename":"dagbag.py","lineno":460}
{"timestamp":"2026-09-22T09:34:04.564080Z","level":"info","event":"Filling up the DagBag from /opt/airflow/dags/schedule_preset.py","logger":"airflow.dag_processing.dagbag.BundleDagBag","filename":"dagbag.py","lineno":460}
{"timestamp":"2026-09-22T09:34:35.461284Z","level":"info","event":"Filling up the DagBag from /opt/airflow/dags/schedule_preset.py","logger":"airflow.dag_processing.dagbag.BundleDagBag","filename":"dagbag.py","lineno":460}
{"timestamp":"2026-09-22T09:35:06.411186Z","level":"info","event":"Filling up the DagBag from /opt/airflow/dags/schedule_preset.py","logger":"airflow.dag_processing.dagbag.BundleDagBag","filename":"dagbag.py","lineno":460}
{"timestamp":"2026-09-22T09:35:36.815237Z","level":"info","event":"Filling up the DagBag from /opt/airflow/dags/schedule_preset.py","logger":"airflow.dag_processing.dagbag.BundleDagBag","filename":"dagbag.py","lineno":460}
{"timestamp":"2026-09-22T09:36:07.083396Z","level":"info","event":"Filling up the DagBag from /opt/airflow/dags/schedule_preset.py","logger":"airflow.dag_processing.dagbag.BundleDagBag","filename":"dagbag.py","lineno":460}
{"timestamp":"2026-09-22T09:36:37.867926Z","level":"info","event":"Filling up the DagBag from /opt/airflow/dags/schedule_preset.py","logger":"airflow.dag_processing.dagbag.BundleDagBag","filename":"dagbag.py","lineno":460}
{"timestamp":"2026-09-22T09:37:08.182695Z","level":"info","event":"Filling up the DagBag from /opt/airflow/dags/schedule_preset.py","logger":"airflow.dag_processing.dagbag.BundleDagBag","filename":"dagbag.py","lineno":460}
{"timestamp":"2026-09-22T09:37:39.212230Z","level":"info","event":"Filling up the DagBag from /opt/airflow/dags/schedule_preset.py","logger":"airflow.dag_processing.dagbag.BundleDagBag","filename":"dagbag.py","lineno":460}
{"timestamp":"2026-09-22T09:38:09.855056Z","level":"info","event":"Filling up the DagBag from /opt/airflow/dags/schedule_preset.py","logger":"airflow.dag_processing.dagbag.BundleDagBag","filename":"dagbag.py","lineno":460}
{"timestamp":"2026-09-22T09:38:40.186566Z","level":"info","event":"Filling up the DagBag from /opt/airflow/dags/schedule_preset.py","logger":"airflow.dag_processing.dagbag.BundleDagBag","filename":"dagbag.py","lineno":460}
{"timestamp":"2026-09-22T09:39:10.596827Z","level":"info","event":"Filling up the DagBag from /opt/airflow/dags/schedule_preset.py","logger":"airflow.dag_processing.dagbag.BundleDagBag","filename":"dagbag.py","lineno":460}
{"timestamp":"2026-09-22T09:39:41.412333Z","level":"info","event":"Filling up the DagBag from /opt/airflow/dags/schedule_preset.py","logger":"airflow.dag_processing.dagbag.BundleDagBag","filename":"dagbag.py","lineno":460}
{"timestamp":"2026-09-22T09:40:12.017315Z","level":"info","event":"Filling up the DagBag from /opt/airflow/dags/schedule_preset.py","logger":"airflow.dag_processing.dagbag.BundleDagBag","filename":"dagbag.py","lineno":460}
{"timestamp":"2026-09-22T09:40:42.565971Z","level":"info","event":"Filling up the DagBag from /opt/airflow/dags/schedule_preset.py","logger":"airflow.dag_processing.dagbag.BundleDagBag","filename":"dagbag.py","lineno":460}
{"timestamp":"2026-09-22T09:41:13.454012Z","level":"info","event":"Filling up the DagBag from /opt/airflow/dags/schedule_preset.py","logger":"airflow.dag_processing.dagbag.BundleDagBag","filename":"dagbag.py","lineno":460}
{"timestamp":"2026-09-22T09:41:43.723466Z","level":"info","event":"Filling up the DagBag from /opt/airflow/dags/schedule_preset.py","logger":"airflow.dag_processing.dagbag.BundleDagBag","filename":"dagbag.py","lineno":460}
{"timestamp":"2026-09-22T09:42:14.205282Z","level":"info","event":"Filling up the DagBag from /opt/airflow/dags/schedule_preset.py","logger":"airflow.dag_processing.dagbag.BundleDagBag","filename":"dagbag.py","lineno":460}
{"timestamp":"2026-09-22T09:42:44.514419Z","level":"info","event":"Filling up the DagBag from /opt/airflow/dags/schedule_preset.py","logger":"airflow.dag_processing.dagbag.BundleDagBag","filename":"dagbag.py","lineno":460}
{"timestamp":"2026-09-22T09:43:15.067255Z","level":"info","event":"Filling up the DagBag from /opt/airflow/dags/schedule_preset.py","logger":"airflow.dag_processing.dagbag.BundleDagBag","filename":"dagbag.py","lineno":460}
{"timestamp":"2026-09-22T09:43:45.348354Z","level":"info","event":"Filling up the DagBag from /opt/airflow/dags/schedule_preset.py","logger":"airflow.dag_processing.dagbag.BundleDagBag","filename":"dagbag.py","lineno":460}
{"timestamp":"2026-09-22T09:44:15.690608Z","level":"info","event":"Filling up the DagBag from /opt/airflow/dags/schedule_preset.py","logger":"airflow.dag_processing.dagbag.BundleDagBag","filename":"dagbag.py","lineno":460}
{"timestamp":"2026-09-22T09:44:46.259057Z","level":"info","event":"Filling up the DagBag from /opt/airflow/dags/schedule_preset.py","logger":"airflow.dag_processing.dagbag.BundleDagBag","filename":"dagbag.py","lineno":460}
{"timestamp":"2026-09-22T09:45:16.624857Z","level":"info","event":"Filling up the DagBag from /opt/airflow/dags/schedule_preset.py","logger":"airflow.dag_processing.dagbag.BundleDagBag","filename":"dagbag.py","lineno":460}
{"timestamp":"2026-09-22T09:45:47.617991Z","level":"info","event":"Filling up the DagBag from /opt/airflow/dags/schedule_preset.py","logger":"airflow.dag_processing.dagbag.BundleDagBag","filename":"dagbag.py","lineno":460}
{"timestamp":"2026-09-22T09:46:18.035616Z","level":"info","event":"Filling up the DagBag from /opt/airflow/dags/schedule_preset.py","logger":"airflow.dag_processing.dagbag.BundleDagBag","filename":"dagbag.py","lineno":460}
{"timestamp":"2026-09-22T09:46:48.306877Z","level":"info","event":"Filling up the DagBag from /opt/airflow/dags/schedule_preset.py","logger":"airflow.dag_processing.dagbag.BundleDagBag","filename":"dagbag.py","lineno":460}
{"timestamp":"2026-09-22T09:47:18.765771Z","level":"info","event":"Filling up the DagBag from /opt/airflow/dags/schedule_preset.py","logger":"airflow.dag_processing.dagbag.BundleDagBag","filename":"dagbag.py","lineno":460}
{"timestamp":"2026-09-22T09:47:49.611142Z","level":"info","event":"Filling up the DagBag from /opt/airflow/dags/schedule_preset.py","logger":"airflow.dag_processing.dagbag.BundleDagBag","filename":"dagbag.py","lineno":460}
{"timestamp":"2026-09-22T09:48:20.020723Z","level":"info","event":"Filling up the DagBag from /opt/airflow/dags/schedule_preset.py","logger":"airflow.dag_processing.dagbag.BundleDagBag","filename":"dagbag.py","lineno":460}
{"timestamp":"2026-09-22T09:48:50.274383Z","level":"info","event":"Filling up the DagBag from /opt/airflow/dags/schedule_preset.py","logger":"airflow.dag_processing.dagbag.BundleDagBag","filename":"dagbag.py","lineno":460}
{"timestamp":"2026-09-22T09:49:20.702016Z","level":"info","event":"Filling up the DagBag from /opt/airflow/dags/schedule_preset.py","logger":"airflow.dag_processing.dagbag.BundleDagBag","filename":"dagbag.py","lineno":460}
{"timestamp":"2026-09-22T09:49:51.099320Z","level":"info","event":"Filling up the DagBag from /opt/airflow/dags/schedule_preset.py","logger":"airflow.dag_processing.dagbag.BundleDagBag","filename":"dagbag.py","lineno":460}
{"timestamp":"2026-09-22T09:50:22.084225Z","level":"info","event":"Filling up the DagBag from /opt/airflow/dags/schedule_preset.py","logger":"airflow.dag_processing.dagbag.BundleDagBag","filename":"dagbag.py","lineno":460}
{"timestamp":"2026-09-22T09:50:53.054479Z","level":"info","event":"Filling up the DagBag from /opt/airflow/dags/schedule_preset.py","logger":"airflow.dag_processing.dagbag.BundleDagBag","filename":"dagbag.py","lineno":460}
{"timestamp":"2026-09-22T09:51:23.302761Z","level":"info","event":"Filling up the DagBag from /opt/airflow/dags/schedule_preset.py","logger":"airflow.dag_processing.dagbag.BundleDagBag","filename":"dagbag.py","lineno":460}
{"timestamp":"2026-09-22T09:51:53.710719Z","level":"info","event":"Filling up the DagBag from /opt/airflow/dags/schedule_preset.py","logger":"airflow.dag_processing.dagbag.BundleDagBag","filename":"dagbag.py","lineno":460}
{"timestamp":"2026-09-22T09:52:24.023825Z","level":"info","event":"Filling up the DagBag from /opt/airflow/dags/schedule_preset.py","logger":"airflow.dag_processing.dagbag.BundleDagBag","filename":"dagbag.py","lineno":460}
{"timestamp":"2026-09-22T09:52:54.358435Z","level":"info","event":"Filling up the DagBag from /opt/airflow/dags/schedule_preset.py","logger":"airflow.dag_processing.dagbag.BundleDagBag","filename":"dagbag.py","lineno":460}
{"timestamp":"2026-09-22T09:53:25.349148Z","level":"info","event":"Filling up the DagBag from /opt/airflow/dags/schedule_preset.py","logger":"airflow.dag_processing.dagbag.BundleDagBag","filename":"dagbag.py","lineno":460}
{"timestamp":"2026-09-22T09:53:56.511984Z","level":"info","event":"Filling up the DagBag from /opt/airflow/dags/schedule_preset.py","logger":"airflow.dag_processing.dagbag.BundleDagBag","filename":"dagbag.py","lineno":460}
{"timestamp":"2026-09-22T09:54:27.399783Z","level":"info","event":"Filling up the DagBag from /opt/airflow/dags/schedule_preset.py","logger":"airflow.dag_processing.dagbag.BundleDagBag","filename":"dagbag.py","lineno":460}
{"timestamp":"2026-09-22T09:54:57.836737Z","level":"info","event":"Filling up the DagBag from /opt/airflow/dags/schedule_preset.py","logger":"airflow.dag_processing.dagbag.BundleDagBag","filename":"dagbag.py","lineno":460}
{"timestamp":"2026-09-22T09:55:28.937882Z","level":"info","event":"Filling up the DagBag from /opt/airflow/dags/schedule_preset.py","logger":"airflow.dag_processing.dagbag.BundleDagBag","filename":"dagbag.py","lineno":460}
{"timestamp":"2026-09-22T09:55:59.794491Z","level":"info","event":"Filling up the DagBag from /opt/airflow/dags/schedule_preset.py","logger":"airflow.dag_processing.dagbag.BundleDagBag","filename":"dagbag.py","lineno":460}
{"timestamp":"2026-09-22T09:56:31.029757Z","level":"info","event":"Filling up the DagBag from /opt/airflow/dags/schedule_preset.py","logger":"airflow.dag_processing.dagbag.BundleDagBag","filename":"dagbag.py","lineno":460}
{"timestamp":"2026-09-22T09:57:01.432525Z","level":"info","event":"Filling up the DagBag from /opt/airflow/dags/schedule_preset.py","logger":"airflow.dag_processing.dagbag.BundleDagBag","filename":"dagbag.py","lineno":460}
{"timestamp":"2026-09-22T09:57:31.684629Z","level":"info","event":"Filling up the DagBag from /opt/airflow/dags/schedule_preset.py","logger":"airflow.dag_processing.dagbag.BundleDagBag","filename":"dagbag.py","lineno":460}
{"timestamp":"2026-09-22T09:58:02.114992Z","level":"info","event":"Filling up the DagBag from /opt/airflow/dags/schedule_preset.py","logger":"airflow.dag_processing.dagbag.BundleDagBag","filename":"dagbag.py","lineno":460}
{"timestamp":"2026-09-22T09:58:33.047174Z","level":"info","event":"Filling up the DagBag from /opt/airflow/dags/schedule_preset.py","logger":"airflow.dag_processing.dagbag.BundleDagBag","filename":"dagbag.py","lineno":460}
{"timestamp":"2026-09-22T09:59:03.567780Z","level":"info","event":"Filling up the DagBag from /opt/airflow/dags/schedule_preset.py","logger":"airflow.dag_processing.dagbag.BundleDagBag","filename":"dagbag.py","lineno":460}
{"timestamp":"2026-09-22T09:59:33.937034Z","level":"info","event":"Filling up the DagBag from /opt/airflow/dags/schedule_preset.py","logger":"airflow.dag_processing.dagbag.BundleDagBag","filename":"dagbag.py","lineno":460}
{"timestamp":"2026-09-22T10:00:04.261860Z","level":"info","event":"Filling up the DagBag from /opt/airflow/dags/schedule_preset.py","logger":"airflow.dag_processing.dagbag.BundleDagBag","filename":"dagbag.py","lineno":460}
{"timestamp":"2026-09-22T10:00:34.955256Z","level":"info","event":"Filling up the DagBag from /opt/airflow/dags/schedule_preset.py","logger":"airflow.dag_processing.dagbag.BundleDagBag","filename":"dagbag.py","lineno":460}
{"timestamp":"2026-09-22T10:01:05.306045Z","level":"info","event":"Filling up the DagBag from /opt/airflow/dags/schedule_preset.py","logger":"airflow.dag_processing.dagbag.BundleDagBag","filename":"dagbag.py","lineno":460}
{"timestamp":"2026-09-22T10:01:36.205647Z","level":"info","event":"Filling up the DagBag from /opt/airflow/dags/schedule_preset.py","logger":"airflow.dag_processing.dagbag.BundleDagBag","filename":"dagbag.py","lineno":460}
{"timestamp":"2026-09-22T10:02:07.017105Z","level":"info","event":"Filling up the DagBag from /opt/airflow/dags/schedule_preset.py","logger":"airflow.dag_processing.dagbag.BundleDagBag","filename":"dagbag.py","lineno":460}
{"timestamp":"2026-09-22T10:02:37.659416Z","level":"info","event":"Filling up the DagBag from /opt/airflow/dags/schedule_preset.py","logger":"airflow.dag_processing.dagbag.BundleDagBag","filename":"dagbag.py","lineno":460}
{"timestamp":"2026-09-22T10:03:08.096634Z","level":"info","event":"Filling up the DagBag from /opt/airflow/dags/schedule_preset.py","logger":"airflow.dag_processing.dagbag.BundleDagBag","filename":"dagbag.py","lineno":460}
{"timestamp":"2026-09-22T10:03:38.585952Z","level":"info","event":"Filling up the DagBag from /opt/airflow/dags/schedule_preset.py","logger":"airflow.dag_processing.dagbag.BundleDagBag","filename":"dagbag.py","lineno":460}
{"timestamp":"2026-09-22T10:04:09.567562Z","level":"info","event":"Filling up the DagBag from /opt/airflow/dags/schedule_preset.py","logger":"airflow.dag_processing.dagbag.BundleDagBag","filename":"dagbag.py","lineno":460}
{"timestamp":"2026-09-22T10:04:39.858970Z","level":"info","event":"Filling up the DagBag from /opt/airflow/dags/schedule_preset.py","logger":"airflow.dag_processing.dagbag.BundleDagBag","filename":"dagbag.py","lineno":460}
{"timestamp":"2026-09-22T10:05:10.415785Z","level":"info","event":"Filling up the DagBag from /opt/airflow/dags/schedule_preset.py","logger":"airflow.dag_processing.dagbag.BundleDagBag","filename":"dagbag.py","lineno":460}
{"timestamp":"2026-09-22T10:05:41.163772Z","level":"info","event":"Filling up the DagBag from /opt/airflow/dags/schedule_preset.py","logger":"airflow.dag_processing.dagbag.BundleDagBag","filename":"dagbag.py","lineno":460}
{"timestamp":"2026-09-22T10:06:11.771815Z","level":"info","event":"Filling up the DagBag from /opt/airflow/dags/schedule_preset.py","logger":"airflow.dag_processing.dagbag.BundleDagBag","filename":"dagbag.py","lineno":460}
{"timestamp":"2026-09-22T10:06:42.564193Z","level":"info","event":"Filling up the DagBag from /opt/airflow/dags/schedule_preset.py","logger":"airflow.dag_processing.dagbag.BundleDagBag","filename":"dagbag.py","lineno":460}
{"timestamp":"2026-09-22T10:07:13.127217Z","level":"info","event":"Filling up the DagBag from /opt/airflow/dags/schedule_preset.py","logger":"airflow.dag_processing.dagbag.BundleDagBag","filename":"dagbag.py","lineno":460}
{"timestamp":"2026-09-22T10:07:43.390140Z","level":"info","event":"Filling up the DagBag from /opt/airflow/dags/schedule_preset.py","logger":"airflow.dag_processing.dagbag.BundleDagBag","filename":"dagbag.py","lineno":460}
{"timestamp":"2026-09-22T10:08:13.643056Z","level":"info","event":"Filling up the DagBag from /opt/airflow/dags/schedule_preset.py","logger":"airflow.dag_processing.dagbag.BundleDagBag","filename":"dagbag.py","lineno":460}
{"timestamp":"2026-09-22T10:08:44.603163Z","level":"info","event":"Filling up the DagBag from /opt/airflow/dags/schedule_preset.py","logger":"airflow.dag_processing.dagbag.BundleDagBag","filename":"dagbag.py","lineno":460}
{"timestamp":"2026-09-22T10:09:15.413847Z","level":"info","event":"Filling up the DagBag from /opt/airflow/dags/schedule_preset.py","logger":"airflow.dag_processing.dagbag.BundleDagBag","filename":"dagbag.py","lineno":460}
{"timestamp":"2026-09-22T10:09:45.910508Z","level":"info","event":"Filling up the DagBag from /opt/airflow/dags/schedule_preset.py","logger":"airflow.dag_processing.dagbag.BundleDagBag","filename":"dagbag.py","lineno":460}
{"timestamp":"2026-09-22T10:10:16.618665Z","level":"info","event":"Filling up the DagBag from /opt/airflow/dags/schedule_preset.py","logger":"airflow.dag_processing.dagbag.BundleDagBag","filename":"dagbag.py","lineno":460}
{"timestamp":"2026-09-22T10:10:47.149890Z","level":"info","event":"Filling up the DagBag from /opt/airflow/dags/schedule_preset.py","logger":"airflow.dag_processing.dagbag.BundleDagBag","filename":"dagbag.py","lineno":460}
{"timestamp":"2026-09-22T10:11:18.004456Z","level":"info","event":"Filling up the DagBag from /opt/airflow/dags/schedule_preset.py","logger":"airflow.dag_processing.dagbag.BundleDagBag","filename":"dagbag.py","lineno":460}
{"timestamp":"2026-09-22T10:11:48.553244Z","level":"info","event":"Filling up the DagBag from /opt/airflow/dags/schedule_preset.py","logger":"airflow.dag_processing.dagbag.BundleDagBag","filename":"dagbag.py","lineno":460}
{"timestamp":"2026-09-22T10:12:19.020689Z","level":"info","event":"Filling up the DagBag from /opt/airflow/dags/schedule_preset.py","logger":"airflow.dag_processing.dagbag.BundleDagBag","filename":"dagbag.py","lineno":460}
{"timestamp":"2026-09-22T10:12:49.551814Z","level":"info","event":"Filling up the DagBag from /opt/airflow/dags/schedule_preset.py","logger":"airflow.dag_processing.dagbag.BundleDagBag","filename":"dagbag.py","lineno":460}
{"timestamp":"2026-09-22T10:13:20.097597Z","level":"info","event":"Filling up the DagBag from /opt/airflow/dags/schedule_preset.py","logger":"airflow.dag_processing.dagbag.BundleDagBag","filename":"dagbag.py","lineno":460}
{"timestamp":"2026-09-22T10:13:50.610432Z","level":"info","event":"Filling up the DagBag from /opt/airflow/dags/schedule_preset.py","logger":"airflow.dag_processing.dagbag.BundleDagBag","filename":"dagbag.py","lineno":460}
{"timestamp":"2026-09-22T10:14:21.298152Z","level":"info","event":"Filling up the DagBag from /opt/airflow/dags/schedule_preset.py","logger":"airflow.dag_processing.dagbag.BundleDagBag","filename":"dagbag.py","lineno":460}
{"timestamp":"2026-09-22T10:14:51.722447Z","level":"info","event":"Filling up the DagBag from /opt/airflow/dags/schedule_preset.py","logger":"airflow.dag_processing.dagbag.BundleDagBag","filename":"dagbag.py","lineno":460}
{"timestamp":"2026-09-22T10:15:21.889532Z","level":"info","event":"Filling up the DagBag from /opt/airflow/dags/schedule_preset.py","logger":"airflow.dag_processing.dagbag.BundleDagBag","filename":"dagbag.py","lineno":460}
{"timestamp":"2026-09-22T10:15:52.556171Z","level":"info","event":"Filling up the DagBag from /opt/airflow/dags/schedule_preset.py","logger":"airflow.dag_processing.dagbag.BundleDagBag","filename":"dagbag.py","lineno":460}
{"timestamp":"2026-09-22T10:16:23.923562Z","level":"info","event":"Filling up the DagBag from /opt/airflow/dags/schedule_preset.py","logger":"airflow.dag_processing.dagbag.BundleDagBag","filename":"dagbag.py","lineno":460}
{"timestamp":"2026-09-22T10:16:54.365836Z","level":"info","event":"Filling up the DagBag from /opt/airflow/dags/schedule_preset.py","logger":"airflow.dag_processing.dagbag.BundleDagBag","filename":"dagbag.py","lineno":460}
{"timestamp":"2026-09-22T10:17:24.850171Z","level":"info","event":"Filling up the DagBag from /opt/airflow/dags/schedule_preset.py","logger":"airflow.dag_processing.dagbag.BundleDagBag","filename":"dagbag.py","lineno":460}
{"timestamp":"2026-09-22T10:17:55.215575Z","level":"info","event":"Filling up the DagBag from /opt/airflow/dags/schedule_preset.py","logger":"airflow.dag_processing.dagbag.BundleDagBag","filename":"dagbag.py","lineno":460}
{"timestamp":"2026-09-22T10:18:25.544683Z","level":"info","event":"Filling up the DagBag from /opt/airflow/dags/schedule_preset.py","logger":"airflow.dag_processing.dagbag.BundleDagBag","filename":"dagbag.py","lineno":460}
{"timestamp":"2026-09-22T10:18:55.818412Z","level":"info","event":"Filling up the DagBag from /opt/airflow/dags/schedule_preset.py","logger":"airflow.dag_processing.dagbag.BundleDagBag","filename":"dagbag.py","lineno":460}
{"timestamp":"2026-09-22T10:19:26.111711Z","level":"info","event":"Filling up the DagBag from /opt/airflow/dags/schedule_preset.py","logger":"airflow.dag_processing.dagbag.BundleDagBag","filename":"dagbag.py","lineno":460}
{"timestamp":"2026-09-22T10:19:56.738316Z","level":"info","event":"Filling up the DagBag from /opt/airflow/dags/schedule_preset.py","logger":"airflow.dag_processing.dagbag.BundleDagBag","filename":"dagbag.py","lineno":460}
{"timestamp":"2026-09-22T10:20:27.129681Z","level":"info","event":"Filling up the DagBag from /opt/airflow/dags/schedule_preset.py","logger":"airflow.dag_processing.dagbag.BundleDagBag","filename":"dagbag.py","lineno":460}
{"timestamp":"2026-09-22T10:20:57.501377Z","level":"info","event":"Filling up the DagBag from /opt/airflow/dags/schedule_preset.py","logger":"airflow.dag_processing.dagbag.BundleDagBag","filename":"dagbag.py","lineno":460}
{"timestamp":"2026-09-22T10:21:28.132113Z","level":"info","event":"Filling up the DagBag from /opt/airflow/dags/schedule_preset.py","logger":"airflow.dag_processing.dagbag.BundleDagBag","filename":"dagbag.py","lineno":460}
{"timestamp":"2026-09-22T10:21:58.523885Z","level":"info","event":"Filling up the DagBag from /opt/airflow/dags/schedule_preset.py","logger":"airflow.dag_processing.dagbag.BundleDagBag","filename":"dagbag.py","lineno":460}
{"timestamp":"2026-09-22T10:22:29.186637Z","level":"info","event":"Filling up the DagBag from /opt/airflow/dags/schedule_preset.py","logger":"airflow.dag_processing.dagbag.BundleDagBag","filename":"dagbag.py","lineno":460}
{"timestamp":"2026-09-22T10:22:59.853248Z","level":"info","event":"Filling up the DagBag from /opt/airflow/dags/schedule_preset.py","logger":"airflow.dag_processing.dagbag.BundleDagBag","filename":"dagbag.py","lineno":460}
{"timestamp":"2026-09-22T10:23:30.135029Z","level":"info","event":"Filling up the DagBag from /opt/airflow/dags/schedule_preset.py","logger":"airflow.dag_processing.dagbag.BundleDagBag","filename":"dagbag.py","lineno":460}
{"timestamp":"2026-09-22T10:24:00.574672Z","level":"info","event":"Filling up the DagBag from /opt/airflow/dags/schedule_preset.py","logger":"airflow.dag_processing.dagbag.BundleDagBag","filename":"dagbag.py","lineno":460}
{"timestamp":"2026-09-22T10:24:30.969877Z","level":"info","event":"Filling up the DagBag from /opt/airflow/dags/schedule_preset.py","logger":"airflow.dag_processing.dagbag.BundleDagBag","filename":"dagbag.py","lineno":460}
{"timestamp":"2026-09-22T10:25:01.399209Z","level":"info","event":"Filling up the DagBag from /opt/airflow/dags/schedule_preset.py","logger":"airflow.dag_processing.dagbag.BundleDagBag","filename":"dagbag.py","lineno":460}
{"timestamp":"2026-09-22T10:25:31.588805Z","level":"info","event":"Filling up the DagBag from /opt/airflow/dags/schedule_preset.py","logger":"airflow.dag_processing.dagbag.BundleDagBag","filename":"dagbag.py","lineno":460}
